###############################################################################
#                                                                             #
# IAR ELF Linker V1.30.1.50036 for STM8                 06/Feb/2018  11:30:04 #
# Copyright 2010-2011 IAR Systems AB.                                         #
#                                                                             #
#    Output file  =  F:\Lance\stm8\STM8S_StdPeriph_Lib\MyProject\Y384\Debug\E #
#                    xe\Y384.out                                              #
#    Map file     =  F:\Lance\stm8\STM8S_StdPeriph_Lib\MyProject\Y384\Debug\L #
#                    ist\Y384.map                                             #
#    Command line =  F:\Lance\stm8\STM8S_StdPeriph_Lib\MyProject\Y384\Debug\O #
#                    bj\DebugPort.o F:\Lance\stm8\STM8S_StdPeriph_Lib\MyProje #
#                    ct\Y384\Debug\Obj\IWDG_ctrl.o                            #
#                    F:\Lance\stm8\STM8S_StdPeriph_Lib\MyProject\Y384\Debug\O #
#                    bj\PWM_out.o F:\Lance\stm8\STM8S_StdPeriph_Lib\MyProject #
#                    \Y384\Debug\Obj\main.o F:\Lance\stm8\STM8S_StdPeriph_Lib #
#                    \MyProject\Y384\Debug\Obj\sample.o                       #
#                    F:\Lance\stm8\STM8S_StdPeriph_Lib\MyProject\Y384\Debug\O #
#                    bj\stm8s_adc1.o F:\Lance\stm8\STM8S_StdPeriph_Lib\MyProj #
#                    ect\Y384\Debug\Obj\stm8s_awu.o                           #
#                    F:\Lance\stm8\STM8S_StdPeriph_Lib\MyProject\Y384\Debug\O #
#                    bj\stm8s_beep.o F:\Lance\stm8\STM8S_StdPeriph_Lib\MyProj #
#                    ect\Y384\Debug\Obj\stm8s_clk.o                           #
#                    F:\Lance\stm8\STM8S_StdPeriph_Lib\MyProject\Y384\Debug\O #
#                    bj\stm8s_exti.o F:\Lance\stm8\STM8S_StdPeriph_Lib\MyProj #
#                    ect\Y384\Debug\Obj\stm8s_flash.o                         #
#                    F:\Lance\stm8\STM8S_StdPeriph_Lib\MyProject\Y384\Debug\O #
#                    bj\stm8s_gpio.o F:\Lance\stm8\STM8S_StdPeriph_Lib\MyProj #
#                    ect\Y384\Debug\Obj\stm8s_i2c.o                           #
#                    F:\Lance\stm8\STM8S_StdPeriph_Lib\MyProject\Y384\Debug\O #
#                    bj\stm8s_it.o F:\Lance\stm8\STM8S_StdPeriph_Lib\MyProjec #
#                    t\Y384\Debug\Obj\stm8s_itc.o                             #
#                    F:\Lance\stm8\STM8S_StdPeriph_Lib\MyProject\Y384\Debug\O #
#                    bj\stm8s_iwdg.o F:\Lance\stm8\STM8S_StdPeriph_Lib\MyProj #
#                    ect\Y384\Debug\Obj\stm8s_rst.o                           #
#                    F:\Lance\stm8\STM8S_StdPeriph_Lib\MyProject\Y384\Debug\O #
#                    bj\stm8s_tim1.o F:\Lance\stm8\STM8S_StdPeriph_Lib\MyProj #
#                    ect\Y384\Debug\Obj\stm8s_tim2.o                          #
#                    F:\Lance\stm8\STM8S_StdPeriph_Lib\MyProject\Y384\Debug\O #
#                    bj\stm8s_tim4.o F:\Lance\stm8\STM8S_StdPeriph_Lib\MyProj #
#                    ect\Y384\Debug\Obj\stm8s_uart1.o                         #
#                    F:\Lance\stm8\STM8S_StdPeriph_Lib\MyProject\Y384\Debug\O #
#                    bj\timer.o F:\Lance\stm8\STM8S_StdPeriph_Lib\MyProject\Y #
#                    384\Debug\Obj\transform.o --redirect                     #
#                    _Printf=_PrintfSmall --redirect _Scanf=_ScanfSmall -o    #
#                    F:\Lance\stm8\STM8S_StdPeriph_Lib\MyProject\Y384\Debug\E #
#                    xe\Y384.out --map F:\Lance\stm8\STM8S_StdPeriph_Lib\MyPr #
#                    oject\Y384\Debug\List\Y384.map --config                  #
#                    F:\Lance\stm8\STM8S_StdPeriph_Lib\MyProject\Y384\lnkstm8 #
#                    s103f3.icf --config_def _CSTACK_SIZE=0x100 --config_def  #
#                    _HEAP_SIZE=0x100 --entry __iar_program_start --debug_lib #
#                                                                             #
#                                                                             #
###############################################################################

*******************************************************************************
*** RUNTIME MODEL ATTRIBUTES
***

__SystemLibrary            = DLib
__code_model               = small
__core                     = stm8
__data_model               = medium
__dlib_file_descriptor     = 0
__dlib_full_locale_support = 0
__rt_version               = 4


*******************************************************************************
*** PLACEMENT SUMMARY
***

"A1":  place at start of [0x000000-0x0000ff] { rw section .vregs };
"A2":  place at end of [0x000000-0x0003ff] { block CSTACK };
"P2":  place in [from 0x000000 to 0x0003ff] {
          block HEAP, rw section .far.bss, rw section .far.data,
          rw section .far.noinit, rw section .far_func.textrw,
          rw section .huge.bss, rw section .huge.data, rw section .huge.noinit,
          rw section .huge_func.textrw, rw section .iar.dynexit,
          rw section .near.bss, rw section .near.data, rw section .near.noinit,
          rw section .near_func.textrw };
"A3":  place at start of [0x008000-0x009fff] { block INTVEC };
"P3":  place in [from 0x008000 to 0x009fff] {
          ro section .far.data_init, ro section .far_func.textrw_init,
          ro section .huge.data_init, ro section .huge_func.textrw_init,
          ro section .iar.init_table, ro section .init_array,
          ro section .near.data_init, ro section .near.rodata,
          ro section .near_func.text, ro section .near_func.textrw_init,
          ro section .tiny.data_init, ro section .tiny.rodata_init };

  Section            Kind      Address    Size  Object
  -------            ----      -------    ----  ------
"A1":                                     0x10
  .vregs             uninit   0x000000    0x10  vregs.o [4]
                            - 0x000010    0x10

"P2", part 1 of 2:                       0x204
  P2 s0                       0x000010   0x204  <Init block>
    .near.data       inited   0x000010   0x204  transform.o [1]
                            - 0x000214   0x204

"P2", part 2 of 2:                        0x47
  .near.bss          zero     0x000214    0x38  DebugPort.o [1]
  .near.bss          zero     0x00024c     0xc  sample.o [1]
  .near.bss          zero     0x000258     0x2  errno.o [4]
  .near.bss          zero     0x00025a     0x1  timer.o [1]
                            - 0x00025b    0x47

"A2":                                    0x100
  CSTACK                      0x000300   0x100  <Block>
    CSTACK           uninit   0x000300   0x100  <Block tail>
                            - 0x000400   0x100

"A3":                                     0x80
  INTVEC                      0x008000    0x80  <Block>
    .intvec          const    0x008000    0x80  interrupt.o [4]
                            - 0x008080    0x80

"P3":                                   0x1c36
  .near_func.text    ro code  0x008080   0x354  xprintfsmall.o [4]
  .near_func.text    ro code  0x0083d4   0x1c8  xstoul.o [4]
  .near_func.text    ro code  0x00859c   0x1bd  long.o [4]
  .near_func.text    ro code  0x008759   0x171  xprintfsmall.o [4]
  .near_func.text    ro code  0x0088ca   0x13b  stm8s_uart1.o [1]
  .near_func.text    ro code  0x008a05   0x115  vreg_util.o [4]
  .near_func.text    ro code  0x008b1a    0xe0  transform.o [1]
  .near_func.text    ro code  0x008bfa    0xb6  stm8s_gpio.o [1]
  .near_func.text    ro code  0x008cb0    0x99  stm8s_tim1.o [1]
  .near_func.text    ro code  0x008d49    0x93  stm8s_uart1.o [1]
  .near_func.text    ro code  0x008ddc    0x8c  DebugPort.o [1]
  .near_func.text    ro code  0x008e68    0x87  sample.o [1]
  .near_func.text    ro code  0x008eef    0x7d  stm8s_clk.o [1]
  .near_func.text    ro code  0x008f6c    0x76  long_util.o [4]
  .near_func.text    ro code  0x008fe2    0x74  stm8s_uart1.o [1]
  .near_func.text    ro code  0x009056    0x6b  DebugPort.o [1]
  .near_func.text    ro code  0x0090c1    0x6b  sample.o [1]
  .near_func.text    ro code  0x00912c    0x5f  sample.o [1]
  .near_func.text    ro code  0x00918b    0x58  DebugPort.o [1]
  .near_func.text    ro code  0x0091e3    0x52  transform.o [1]
  .near_func.text    ro code  0x009235    0x50  DebugPort.o [1]
  .near_func.text    ro code  0x009285    0x41  DebugPort.o [1]
  .near_func.text    ro code  0x0092c6    0x41  xprintfsmall.o [4]
  .near_func.text    ro code  0x009307    0x3c  short.o [4]
  .near_func.text    ro code  0x009343    0x37  stm8s_tim2.o [1]
  .near_func.text    ro code  0x00937a    0x35  sample.o [1]
  .near_func.text    ro code  0x0093af    0x33  xprintfsmall.o [4]
  .near_func.text    ro code  0x0093e2    0x31  xprintfsmall.o [4]
  .near_func.text    ro code  0x009413    0x31  xprintfsmall.o [4]
  .near_func.text    ro code  0x009444    0x2d  stm8s_tim1.o [1]
  .near_func.text    ro code  0x009471    0x2d  stm8s_uart1.o [1]
  .near_func.text    ro code  0x00949e    0x2c  stm8s_tim1.o [1]
  .near_func.text    ro code  0x0094ca    0x2c  dc_util.o [4]
  .near_func.text    ro code  0x0094f6    0x2b  stm8s_tim1.o [1]
  .near_func.text    ro code  0x009521    0x2b  stm8s_tim1.o [1]
  .near_func.text    ro code  0x00954c    0x2a  stm8s_tim1.o [1]
  .near_func.text    ro code  0x009576    0x28  timer.o [1]
  .near_func.text    ro code  0x00959e    0x28  init_small.o [4]
  .near_func.text    ro code  0x0095c6    0x26  main.o [1]
  .near.rodata       const    0x0095ec    0x25  xstoul.o [4]
  .near.rodata       const    0x009611    0x25  xstoul.o [4]
  .near_func.text    ro code  0x009636    0x25  sample.o [1]
  .near_func.text    ro code  0x00965b    0x24  DebugPort.o [1]
  .near_func.text    ro code  0x00967f    0x24  sample.o [1]
  .near_func.text    ro code  0x0096a3    0x23  DebugPort.o [1]
  .near_func.text    ro code  0x0096c6    0x23  PWM_out.o [1]
  .near_func.text    ro code  0x0096e9    0x1b  main.o [1]
  .iar.init_table    const    0x009704    0x12  - Linker created -
  .near_func.text    ro code  0x009716    0x20  DebugPort.o [1]
  .near_func.text    ro code  0x009736    0x20  printf.o [4]
  .near_func.text    ro code  0x009756    0x1e  init_small.o [4]
  .near_func.text    ro code  0x009774    0x1c  DebugPort.o [1]
  .near_func.text    ro code  0x009790    0x1c  timer.o [1]
  .near_func.text    ro code  0x0097ac    0x1a  stm8s_tim4.o [1]
  .near_func.text    ro code  0x0097c6    0x19  xprintfsmall.o [4]
  .near_func.text    ro code  0x0097df    0x19  xprout.o [4]
  .near_func.text    ro code  0x0097f8    0x17  init.o [4]
  .near_func.text    ro code  0x00980f    0x16  IWDG_ctrl.o [1]
  .near_func.text    ro code  0x009825    0x16  stm8s_tim2.o [1]
  .near_func.text    ro code  0x00983b    0x15  strchr.o [4]
  .near_func.text    ro code  0x009850    0x15  memchr.o [4]
  .near_func.text    ro code  0x009865    0x14  __dbg_xxexit.o [3]
  .near_func.text    ro code  0x009879    0x13  DebugPort.o [1]
  .near_func.text    ro code  0x00988c    0x13  stm8s_clk.o [1]
  .near_func.text    ro code  0x00989f    0x13  cstartup.o [4]
  .near_func.text    ro code  0x0098b2    0x12  strlen.o [4]
  .near.rodata       const    0x0098c4    0x11  DebugPort.o [1]
  .near_func.text    ro code  0x0098d5    0x10  stm8s_uart1.o [1]
  .near_func.text    ro code  0x0098e5    0x10  transform.o [1]
  .near_func.text    ro code  0x0098f5    0x10  xprintfsmall.o [4]
  .near.rodata       const    0x009905     0xf  DebugPort.o [1]
  .near.rodata       const    0x009914     0xf  DebugPort.o [1]
  .near_func.text    ro code  0x009923     0xf  stm8s_tim2.o [1]
  .near_func.text    ro code  0x009932     0xe  stm8s_tim1.o [1]
  .near_func.text    ro code  0x009940     0xe  stm8s_tim2.o [1]
  .near_func.text    ro code  0x00994e     0xe  stm8s_tim2.o [1]
  .near_func.text    ro code  0x00995c     0xe  stm8s_tim2.o [1]
  .near_func.text    ro code  0x00996a     0xe  stm8s_tim4.o [1]
  .near_func.text    ro code  0x009978     0xe  stm8s_tim4.o [1]
  .near_func.text    ro code  0x009986     0xd  DebugPort.o [1]
  .near_func.text    ro code  0x009993     0xd  DebugPort.o [1]
  .near_func.text    ro code  0x0099a0     0xd  stm8s_tim4.o [1]
  .near.rodata       const    0x0099ad     0xa  DebugPort.o [1]
  .near_func.text    ro code  0x0099b7     0xa  xprintfsmall.o [4]
  .near_func.text    ro code  0x0099c1     0xa  xprintfsmall.o [4]
  .near_func.text    ro code  0x0099cb     0xa  xprintfsmall.o [4]
  .near.rodata       const    0x0099d5     0x9  DebugPort.o [1]
  .near.rodata       const    0x0099de     0x9  sample.o [1]
  .near_func.text    ro code  0x0099e7     0x9  stm8s_tim1.o [1]
  .near_func.text    ro code  0x0099f0     0x9  stm8s_tim4.o [1]
  .near_func.text    ro code  0x0099f9     0x9  stm8s_tim4.o [1]
  .near_func.text    ro code  0x009a02     0x9  transform.o [1]
  .near_func.text    ro code  0x009a0b     0x9  xprintfsmall.o [4]
  .near_func.text    ro code  0x009a14     0x9  xprintfsmall.o [4]
  .near_func.text    ro code  0x009a1d     0x9  xprintfsmall.o [4]
  .near.rodata       const    0x009a26     0x7  xprintfsmall.o [4]
  .near_func.text    ro code  0x009a2d     0x7  DebugPort.o [1]
  .near_func.text    ro code  0x009a34     0x7  transform.o [1]
  .near_func.text    ro code  0x009a3b     0x6  xprintfsmall.o [4]
  .near.rodata       const    0x009a41     0x5  DebugPort.o [1]
  .near.rodata       const    0x009a46     0x5  DebugPort.o [1]
  .near.rodata       const    0x009a4b     0x5  transform.o [1]
  .near_func.text    ro code  0x009a50     0x5  stm8s_iwdg.o [1]
  .near_func.text    ro code  0x009a55     0x5  stm8s_iwdg.o [1]
  .near_func.text    ro code  0x009a5a     0x5  cexit.o [4]
  .near.rodata       const    0x009a5f     0x4  stm8s_clk.o [1]
  .near.rodata       const    0x009a63     0x4  transform.o [1]
  .near_func.text    ro code  0x009a67     0x4  DebugPort.o [1]
  .near_func.text    ro code  0x009a6b     0x4  PWM_out.o [1]
  .near_func.text    ro code  0x009a6f     0x4  sample.o [1]
  .near_func.text    ro code  0x009a73     0x4  sample.o [1]
  .near_func.text    ro code  0x009a77     0x4  stm8s_iwdg.o [1]
  .near_func.text    ro code  0x009a7b     0x4  stm8s_iwdg.o [1]
  .near_func.text    ro code  0x009a7f     0x4  stm8s_iwdg.o [1]
  .near_func.text    ro code  0x009a83     0x4  stm8s_tim4.o [1]
  .near_func.text    ro code  0x009a87     0x4  stm8s_uart1.o [1]
  .near_func.text    ro code  0x009a8b     0x4  stm8s_uart1.o [1]
  .near_func.text    ro code  0x009a8f     0x4  transform.o [1]
  .near.rodata       const    0x009a93     0x3  transform.o [1]
  .near_func.text    ro code  0x009a96     0x3  interrupt.o [4]
  .near_func.text    ro code  0x009a99     0x3  low_level_init.o [4]
  .near_func.text    ro code  0x009a9c     0x3  exit.o [4]
  .near_func.text    ro code  0x009a9f     0x3  unhandled_exception.o [4]
  .near_func.text    ro code  0x009aa2     0x1  stm8s_it.o [1]
  .near_func.text    ro code  0x009aa3     0x1  stm8s_it.o [1]
  .near_func.text    ro code  0x009aa4     0x1  stm8s_it.o [1]
  .near_func.text    ro code  0x009aa5     0x1  stm8s_it.o [1]
  .near_func.text    ro code  0x009aa6     0x1  stm8s_it.o [1]
  .near_func.text    ro code  0x009aa7     0x1  stm8s_it.o [1]
  .near_func.text    ro code  0x009aa8     0x1  stm8s_it.o [1]
  .near_func.text    ro code  0x009aa9     0x1  stm8s_it.o [1]
  .near_func.text    ro code  0x009aaa     0x1  stm8s_it.o [1]
  .near_func.text    ro code  0x009aab     0x1  stm8s_it.o [1]
  .near_func.text    ro code  0x009aac     0x1  stm8s_it.o [1]
  .near_func.text    ro code  0x009aad     0x1  stm8s_it.o [1]
  .near_func.text    ro code  0x009aae     0x1  stm8s_it.o [1]
  .near_func.text    ro code  0x009aaf     0x1  stm8s_it.o [1]
  .near_func.text    ro code  0x009ab0     0x1  stm8s_it.o [1]
  .near_func.text    ro code  0x009ab1     0x1  __dbg_break.o [3]
  Initializer bytes  ro data  0x009ab2   0x204  <for P2 s0>
                            - 0x009cb6  0x1c36


*******************************************************************************
*** INIT TABLE
***

          Address   Size
          -------   ----
Zero (__iar_zero_init2)
    1 destination range, total size 0x47:
          0x000214   0x47

Copy (__iar_copy_init2)
    1 source range, total size 0x204:
          0x009ab2  0x204
    1 destination range, total size 0x204:
          0x000010  0x204


*******************************************************************************
*** MODULE SUMMARY
***

    Module                 ro code  ro data  rw data
    ------                 -------  -------  -------
F:\Lance\stm8\STM8S_StdPeriph_Lib\MyProject\Y384\Debug\Obj: [1]
    DebugPort.o                667       76       56
    IWDG_ctrl.o                 22
    PWM_out.o                   39
    main.o                      65
    sample.o                   471        9       12
    stm8s_clk.o                144        4
    stm8s_gpio.o               182
    stm8s_it.o                  15
    stm8s_iwdg.o                22
    stm8s_tim1.o               393
    stm8s_tim2.o               134
    stm8s_tim4.o                89
    stm8s_uart1.o              647
    timer.o                     68                 1
    transform.o                342      528      516
    ------------------------------------------------
    Total:                   3 300      617      585

command line: [2]
    ------------------------------------------------
    Total:

dbgstm8smd.a: [3]
    __dbg_break.o                1
    __dbg_xxexit.o              20
    ------------------------------------------------
    Total:                      21

dlstm8smn.a: [4]
    cexit.o                      5
    cstartup.o                  19
    dc_util.o                   44
    errno.o                                        2
    exit.o                       3
    init.o                      23
    init_small.o                70
    interrupt.o                  3      128
    long.o                     445
    long_util.o                118
    low_level_init.o             3
    memchr.o                    21
    printf.o                    32
    short.o                     60
    strchr.o                    21
    strlen.o                    18
    unhandled_exception.o        3
    vreg_util.o                277
    vregs.o                                       16
    xprintfsmall.o           1 539        7
    xprout.o                    25
    xstoul.o                   456       74
    ------------------------------------------------
    Total:                   3 185      209       18

    Linker created                       18      256
----------------------------------------------------
    Grand Total:             6 506      844      859


*******************************************************************************
*** ENTRY LIST
***

Entry                    Address   Size  Type      Object
-----                    -------   ----  ----      ------
?add32_l0_l0_0x         0x0085af         Code  Gb  long.o [4]
?add32_l0_l0_l1         0x0085ac         Code  Gb  long.o [4]
?and32_l0_l0_0x         0x0086ff         Code  Gb  long.o [4]
?and32_l0_l0_l1         0x0086fc         Code  Gb  long.o [4]
?b0                     0x000000         Data  Gb  vregs.o [4]
?b1                     0x000001         Data  Gb  vregs.o [4]
?b10                    0x00000a         Data  Gb  vregs.o [4]
?b11                    0x00000b         Data  Gb  vregs.o [4]
?b12                    0x00000c         Data  Gb  vregs.o [4]
?b13                    0x00000d         Data  Gb  vregs.o [4]
?b14                    0x00000e         Data  Gb  vregs.o [4]
?b15                    0x00000f         Data  Gb  vregs.o [4]
?b2                     0x000002         Data  Gb  vregs.o [4]
?b3                     0x000003         Data  Gb  vregs.o [4]
?b4                     0x000004         Data  Gb  vregs.o [4]
?b5                     0x000005         Data  Gb  vregs.o [4]
?b6                     0x000006         Data  Gb  vregs.o [4]
?b7                     0x000007         Data  Gb  vregs.o [4]
?b8                     0x000008         Data  Gb  vregs.o [4]
?b9                     0x000009         Data  Gb  vregs.o [4]
?dc32_l0                0x0094d1         Code  Gb  dc_util.o [4]
?dc32_l1                0x0094de         Code  Gb  dc_util.o [4]
?dc32_px                0x0094eb         Code  Gb  dc_util.o [4]
?dc8_px                 0x0094ca         Code  Gb  dc_util.o [4]
?e0                     0x000001         Data  Gb  vregs.o [4]
?e1                     0x000005         Data  Gb  vregs.o [4]
?e2                     0x000009         Data  Gb  vregs.o [4]
?e3                     0x00000d         Data  Gb  vregs.o [4]
?epilogue_l2            0x008aaf         Code  Gb  vreg_util.o [4]
?epilogue_l2_l3         0x008aac         Code  Gb  vreg_util.o [4]
?epilogue_l2_w6         0x008ab3         Code  Gb  vreg_util.o [4]
?epilogue_w4            0x008aba         Code  Gb  vreg_util.o [4]
?l0                     0x000000         Data  Gb  vregs.o [4]
?l1                     0x000004         Data  Gb  vregs.o [4]
?l2                     0x000008         Data  Gb  vregs.o [4]
?l3                     0x00000c         Data  Gb  vregs.o [4]
?load32_0x_l0           0x008fb5         Code  Gb  long_util.o [4]
?load32_0x_l2           0x008fd4         Code  Gb  long_util.o [4]
?load32_asp_l0          0x008fa9         Code  Gb  long_util.o [4]
?load32_asp_l2          0x008fc8         Code  Gb  long_util.o [4]
?load32_dbsp_l0         0x008fa4         Code  Gb  long_util.o [4]
?load32_dbsp_l2         0x008fc3         Code  Gb  long_util.o [4]
?load32_l0_0x           0x008f7c         Code  Gb  long_util.o [4]
?load32_l0_asp          0x008f71         Code  Gb  long_util.o [4]
?load32_l0_dbsp         0x008f6c         Code  Gb  long_util.o [4]
?load32_l0_xsp          0x008f73         Code  Gb  long_util.o [4]
?load32_l1_0x           0x008f98         Code  Gb  long_util.o [4]
?load32_l1_asp          0x008f8d         Code  Gb  long_util.o [4]
?load32_l1_dbsp         0x008f88         Code  Gb  long_util.o [4]
?load32_l1_xsp          0x008f8f         Code  Gb  long_util.o [4]
?load32_xsp_l0          0x008fab         Code  Gb  long_util.o [4]
?load32_xsp_l2          0x008fca         Code  Gb  long_util.o [4]
?mov_e0_e1              0x008acf         Code  Gb  vreg_util.o [4]
?mov_e0_e2              0x008adc         Code  Gb  vreg_util.o [4]
?mov_e0_e3              0x008ae9         Code  Gb  vreg_util.o [4]
?mov_e1_e0              0x008af6         Code  Gb  vreg_util.o [4]
?mov_e2_e0              0x008b03         Code  Gb  vreg_util.o [4]
?mov_e3_e0              0x008b10         Code  Gb  vreg_util.o [4]
?mov_l0_l1              0x008acc         Code  Gb  vreg_util.o [4]
?mov_l0_l2              0x008ad9         Code  Gb  vreg_util.o [4]
?mov_l0_l3              0x008ae6         Code  Gb  vreg_util.o [4]
?mov_l1_l0              0x008af3         Code  Gb  vreg_util.o [4]
?mov_l2_l0              0x008b00         Code  Gb  vreg_util.o [4]
?mov_l3_l0              0x008b0d         Code  Gb  vreg_util.o [4]
?mov_w0_w4              0x008abe         Code  Gb  vreg_util.o [4]
?mov_w1_w3              0x008ad2         Code  Gb  vreg_util.o [4]
?mov_w1_w5              0x008adf         Code  Gb  vreg_util.o [4]
?mov_w1_w7              0x008aec         Code  Gb  vreg_util.o [4]
?mov_w3_w1              0x008af9         Code  Gb  vreg_util.o [4]
?mov_w4_w0              0x008ac5         Code  Gb  vreg_util.o [4]
?mov_w5_w1              0x008b06         Code  Gb  vreg_util.o [4]
?mov_w7_w1              0x008b13         Code  Gb  vreg_util.o [4]
?mul16_x_x_w0           0x009307         Code  Gb  short.o [4]
?mul32_l0_l0_0x         0x0085e5         Code  Gb  long.o [4]
?mul32_l0_l0_dl         0x0085e2         Code  Gb  long.o [4]
?mul32_l0_l0_l1         0x0085ee         Code  Gb  long.o [4]
?neg32_l0_l0            0x00859c         Code  Gb  long.o [4]
?pop_l0                 0x008a78         Code  Gb  vreg_util.o [4]
?pop_l1                 0x008a83         Code  Gb  vreg_util.o [4]
?pop_l2                 0x008a8e         Code  Gb  vreg_util.o [4]
?pop_l3                 0x008a99         Code  Gb  vreg_util.o [4]
?pop_w4                 0x008a31         Code  Gb  vreg_util.o [4]
?pop_w6                 0x008a38         Code  Gb  vreg_util.o [4]
?push_l0                0x008a47         Code  Gb  vreg_util.o [4]
?push_l1                0x008a4c         Code  Gb  vreg_util.o [4]
?push_l2                0x008a51         Code  Gb  vreg_util.o [4]
?push_l3                0x008a56         Code  Gb  vreg_util.o [4]
?push_w0                0x008a05         Code  Gb  vreg_util.o [4]
?push_w1                0x008a0a         Code  Gb  vreg_util.o [4]
?push_w4                0x008a0f         Code  Gb  vreg_util.o [4]
?push_w5                0x008a14         Code  Gb  vreg_util.o [4]
?push_w6                0x008a19         Code  Gb  vreg_util.o [4]
?sext32_l0_a            0x00874c         Code  Gb  long.o [4]
?sext32_l0_x            0x008741         Code  Gb  long.o [4]
?sll16_x_x_a            0x009335         Code  Gb  short.o [4]
?sll32_0x_0x_a          0x00871e         Code  Gb  long.o [4]
?sll32_l0_l0_a          0x00871b         Code  Gb  long.o [4]
?sll32_l0_l0_db         0x008717         Code  Gb  long.o [4]
?smod16_y_x_y           0x009325         Code  Gb  short.o [4]
?srl16_x_x_4            0x00933e         Code  Gb  short.o [4]
?srl16_x_x_5            0x00933d         Code  Gb  short.o [4]
?srl32_0x_0x_a          0x008733         Code  Gb  long.o [4]
?srl32_l0_l0_a          0x008730         Code  Gb  long.o [4]
?srl32_l0_l0_db         0x00872c         Code  Gb  long.o [4]
?sub32_l0_l0_0x         0x0085ca         Code  Gb  long.o [4]
?sub32_l0_l0_l1         0x0085c7         Code  Gb  long.o [4]
?ucmp32_c_l0_0x         0x0086e1         Code  Gb  long.o [4]
?ucmp32_c_l0_l1         0x0086f1         Code  Gb  long.o [4]
?udiv32_l0_dl_l1        0x00866c         Code  Gb  long.o [4]
?udiv32_l0_l0_dl        0x008671         Code  Gb  long.o [4]
?udiv32_l0_l0_l1        0x008674         Code  Gb  long.o [4]
?umod32_l1_l0_l1        0x008674         Code  Gb  long.o [4]
?w0                     0x000000         Data  Gb  vregs.o [4]
?w1                     0x000002         Data  Gb  vregs.o [4]
?w2                     0x000004         Data  Gb  vregs.o [4]
?w3                     0x000006         Data  Gb  vregs.o [4]
?w4                     0x000008         Data  Gb  vregs.o [4]
?w5                     0x00000a         Data  Gb  vregs.o [4]
?w6                     0x00000c         Data  Gb  vregs.o [4]
?w7                     0x00000e         Data  Gb  vregs.o [4]
ADC1_IRQHandler         0x009aaf    0x1  Code  Gb  stm8s_it.o [1]
AWU_IRQHandler          0x009aa4    0x1  Code  Gb  stm8s_it.o [1]
CLK_GetClockFreq        0x008eef   0x7d  Code  Gb  stm8s_clk.o [1]
CLK_HSIPrescalerConfig  0x00988c   0x13  Code  Gb  stm8s_clk.o [1]
CLK_IRQHandler          0x009aa5    0x1  Code  Gb  stm8s_it.o [1]
CSTACK$$Base            0x000300          --   Gb  - Linker created -
CSTACK$$Limit           0x000400          --   Gb  - Linker created -
DebugPort_GetCurPWMRateIn
                        0x009986    0xd  Code  Lc  DebugPort.o [1]
DebugPort_Handler       0x009285   0x41  Code  Gb  DebugPort.o [1]
DebugPort_Init          0x00965b   0x24  Code  Gb  DebugPort.o [1]
DebugPort_Open          0x009716   0x20  Code  Gb  DebugPort.o [1]
DebugPort_SetCurPWMRateOut
                        0x00918b   0x58  Code  Lc  DebugPort.o [1]
DebugPort_UnknownCmd    0x009a2d    0x7  Code  Lc  DebugPort.o [1]
DebugPort_Write         0x009056   0x6b  Code  Gb  DebugPort.o [1]
EEPROM_EEC_IRQHandler   0x009ab0    0x1  Code  Gb  stm8s_it.o [1]
EXTI_PORTA_IRQHandler   0x009aa6    0x1  Code  Gb  stm8s_it.o [1]
EXTI_PORTB_IRQHandler   0x009aa7    0x1  Code  Gb  stm8s_it.o [1]
EXTI_PORTC_IRQHandler   0x009aa8    0x1  Code  Gb  stm8s_it.o [1]
EXTI_PORTD_IRQHandler   0x009aa9    0x1  Code  Gb  stm8s_it.o [1]
EXTI_PORTE_IRQHandler   0x009aaa    0x1  Code  Gb  stm8s_it.o [1]
GPIO_Init               0x008bfa   0xb6  Code  Gb  stm8s_gpio.o [1]
HSIDivFactor            0x009a5f    0x4  Data  Gb  stm8s_clk.o [1]
I2C_IRQHandler          0x009aae    0x1  Code  Gb  stm8s_it.o [1]
INTVEC$$Base            0x008000          --   Gb  - Linker created -
INTVEC$$Limit           0x008080          --   Gb  - Linker created -
IWDG_Config             0x00980f   0x16  Code  Gb  IWDG_ctrl.o [1]
IWDG_Enable             0x009a55    0x5  Code  Gb  stm8s_iwdg.o [1]
IWDG_ReloadCounter      0x009a50    0x5  Code  Gb  stm8s_iwdg.o [1]
IWDG_SetPrescaler       0x009a7b    0x4  Code  Gb  stm8s_iwdg.o [1]
IWDG_SetReload          0x009a7f    0x4  Code  Gb  stm8s_iwdg.o [1]
IWDG_WriteAccessCmd     0x009a77    0x4  Code  Gb  stm8s_iwdg.o [1]
LoadInt                 0x0092c6   0x41  Code  Lc  xprintfsmall.o [4]
PWM_Init                0x009a6b    0x4  Code  Gb  PWM_out.o [1]
PWM_Out_Config          0x0096c6   0x23  Code  Lc  PWM_out.o [1]
Region$$Table$$Base     0x009704          --   Gb  - Linker created -
Region$$Table$$Limit    0x009716          --   Gb  - Linker created -
SPI_IRQHandler          0x009aab    0x1  Code  Gb  stm8s_it.o [1]
Sample_init             0x009a73    0x4  Code  Gb  sample.o [1]
Set_Beep_OptionByte     0x00967f   0x24  Code  Gb  sample.o [1]
StartDataXmissionIfNeeded
                        0x0096a3   0x23  Code  Lc  DebugPort.o [1]
TIM1_CAP_COM_IRQHandler
                        0x008e68   0x87  Code  Gb  sample.o [1]
TIM1_ClearITPendingBit  0x0099e7    0x9  Code  Gb  stm8s_tim1.o [1]
TIM1_Cmd                0x009932    0xe  Code  Gb  stm8s_tim1.o [1]
TIM1_DeInit             0x008cb0   0x99  Code  Gb  stm8s_tim1.o [1]
TIM1_GetCapture1        0x0094f6   0x2b  Code  Gb  stm8s_tim1.o [1]
TIM1_GetCapture2        0x009521   0x2b  Code  Gb  stm8s_tim1.o [1]
TIM1_GetFlagStatus      0x00949e   0x2c  Code  Gb  stm8s_tim1.o [1]
TIM1_GetITStatus        0x00954c   0x2a  Code  Gb  stm8s_tim1.o [1]
TIM1_PWM_Capture_Init   0x0090c1   0x6b  Code  Gb  sample.o [1]
TIM1_TimeBaseInit       0x009444   0x2d  Code  Gb  stm8s_tim1.o [1]
TIM1_UPD_OVF_TRG_BRK_IRQHandler
                        0x00937a   0x35  Code  Gb  sample.o [1]
TIM2_ARRPreloadConfig   0x00994e    0xe  Code  Gb  stm8s_tim2.o [1]
TIM2_CAP_COM_IRQHandler
                        0x009aad    0x1  Code  Gb  stm8s_it.o [1]
TIM2_Cmd                0x009940    0xe  Code  Gb  stm8s_tim2.o [1]
TIM2_OC3Init            0x009343   0x37  Code  Gb  stm8s_tim2.o [1]
TIM2_OC3PreloadConfig   0x00995c    0xe  Code  Gb  stm8s_tim2.o [1]
TIM2_SetCompare3        0x009923    0xf  Code  Gb  stm8s_tim2.o [1]
TIM2_TimeBaseInit       0x009825   0x16  Code  Gb  stm8s_tim2.o [1]
TIM2_UPD_OVF_BRK_IRQHandler
                        0x009aac    0x1  Code  Gb  stm8s_it.o [1]
TIM4_ARRPreloadConfig   0x009978    0xe  Code  Gb  stm8s_tim4.o [1]
TIM4_ClearFlag          0x0099f0    0x9  Code  Gb  stm8s_tim4.o [1]
TIM4_ClearITPendingBit  0x0099f9    0x9  Code  Gb  stm8s_tim4.o [1]
TIM4_Cmd                0x00996a    0xe  Code  Gb  stm8s_tim4.o [1]
TIM4_ITConfig           0x0097ac   0x1a  Code  Gb  stm8s_tim4.o [1]
TIM4_SetCounter         0x009a83    0x4  Code  Gb  stm8s_tim4.o [1]
TIM4_TimeBaseInit       0x0099a0    0xd  Code  Gb  stm8s_tim4.o [1]
TIM4_UPD_OVF_IRQHandler
                        0x009790   0x1c  Code  Gb  timer.o [1]
TLI_IRQHandler          0x009aa3    0x1  Code  Gb  stm8s_it.o [1]
TRAP_IRQHandler         0x009aa2    0x1  Code  Gb  stm8s_it.o [1]
UART1_ClearITPendingBit
                        0x0098d5   0x10  Code  Gb  stm8s_uart1.o [1]
UART1_DeInit            0x009471   0x2d  Code  Gb  stm8s_uart1.o [1]
UART1_GetITStatus       0x008d49   0x93  Code  Gb  stm8s_uart1.o [1]
UART1_ITConfig          0x008fe2   0x74  Code  Gb  stm8s_uart1.o [1]
UART1_Init              0x0088ca  0x13b  Code  Gb  stm8s_uart1.o [1]
UART1_RX_IRQHandler     0x008ddc   0x8c  Code  Gb  DebugPort.o [1]
UART1_ReceiveData8      0x009a87    0x4  Code  Gb  stm8s_uart1.o [1]
UART1_SendData8         0x009a8b    0x4  Code  Gb  stm8s_uart1.o [1]
UART1_TX_IRQHandler     0x009235   0x50  Code  Gb  DebugPort.o [1]
_LitobSmall             0x008759  0x171  Code  Lc  xprintfsmall.o [4]
_PrintfSmall            0x008080  0x354  Code  Gb  xprintfsmall.o [4]
_Prout                  0x0097df   0x19  Code  Gb  xprout.o [4]
_PutcharSmall           0x0093af   0x33  Code  Lc  xprintfsmall.o [4]
_PutcharsSmall          0x009413   0x31  Code  Lc  xprintfsmall.o [4]
__DebugBreak            0x009ab1    0x1  Code  Gb  __dbg_break.o [3]
__exit                  0x009865   0x14  Code  Gb  __dbg_xxexit.o [3]
__iar_Errno             0x000258    0x2  Data  Gb  errno.o [4]
__iar_Memchr            0x009850   0x15  Code  Gb  memchr.o [4]
__iar_Stoul             0x008595    0x7  Code  Gb  xstoul.o [4]
__iar_Stoulx            0x0083d4  0x1c1  Code  Gb  xstoul.o [4]
__iar_Strchr            0x00983b   0x15  Code  Gb  strchr.o [4]
__iar_copy_init2        0x00959e         Code  Gb  init_small.o [4]
__iar_data_init2        0x0097f8   0x17  Code  Gb  init.o [4]
__iar_program_start     0x00989f         Code  Gb  cstartup.o [4]
__iar_unhandled_exception
                        0x009a9f         Code  Gb  unhandled_exception.o [4]
__iar_zero_init2        0x009756         Code  Gb  init_small.o [4]
__intvec                0x008000         Data  Gb  interrupt.o [4]
__low_level_init        0x009a99    0x3  Code  Gb  low_level_init.o [4]
_exit                   0x009a5a         Code  Gb  cexit.o [4]
_interrupt_1            0x009aa2         Code  Gb  stm8s_it.o [1]
_interrupt_10           0x009a96         Code  Wk  interrupt.o [4]
_interrupt_11           0x009a96         Code  Wk  interrupt.o [4]
_interrupt_12           0x009aab         Code  Gb  stm8s_it.o [1]
_interrupt_13           0x00937a         Code  Gb  sample.o [1]
_interrupt_14           0x008e68         Code  Gb  sample.o [1]
_interrupt_15           0x009aac         Code  Gb  stm8s_it.o [1]
_interrupt_16           0x009aad         Code  Gb  stm8s_it.o [1]
_interrupt_17           0x009a96         Code  Wk  interrupt.o [4]
_interrupt_18           0x009a96         Code  Wk  interrupt.o [4]
_interrupt_19           0x009235         Code  Gb  DebugPort.o [1]
_interrupt_2            0x009aa3         Code  Gb  stm8s_it.o [1]
_interrupt_20           0x008ddc         Code  Gb  DebugPort.o [1]
_interrupt_21           0x009aae         Code  Gb  stm8s_it.o [1]
_interrupt_22           0x009a96         Code  Wk  interrupt.o [4]
_interrupt_23           0x009a96         Code  Wk  interrupt.o [4]
_interrupt_24           0x009aaf         Code  Gb  stm8s_it.o [1]
_interrupt_25           0x009790         Code  Gb  timer.o [1]
_interrupt_26           0x009ab0         Code  Gb  stm8s_it.o [1]
_interrupt_27           0x009a96         Code  Wk  interrupt.o [4]
_interrupt_28           0x009a96         Code  Wk  interrupt.o [4]
_interrupt_29           0x009a96         Code  Wk  interrupt.o [4]
_interrupt_3            0x009aa4         Code  Gb  stm8s_it.o [1]
_interrupt_30           0x009a96         Code  Wk  interrupt.o [4]
_interrupt_31           0x009a96         Code  Wk  interrupt.o [4]
_interrupt_4            0x009aa5         Code  Gb  stm8s_it.o [1]
_interrupt_5            0x009aa6         Code  Gb  stm8s_it.o [1]
_interrupt_6            0x009aa7         Code  Gb  stm8s_it.o [1]
_interrupt_7            0x009aa8         Code  Gb  stm8s_it.o [1]
_interrupt_8            0x009aa9         Code  Gb  stm8s_it.o [1]
_interrupt_9            0x009aaa         Code  Gb  stm8s_it.o [1]
digits                  0x0095ec   0x25  Data  Lc  xstoul.o [4]
endUpdate               0x009636   0x25  Code  Gb  sample.o [1]
exit                    0x009a9c    0x3  Code  Gb  exit.o [4]
get_input_pwm           0x00912c   0x5f  Code  Gb  sample.o [1]
isNeedUpdate            0x009a6f    0x4  Code  Gb  sample.o [1]
main                    0x0095c6   0x26  Code  Gb  main.o [1]
ndigs                   0x009611   0x25  Data  Lc  xstoul.o [4]
pad                     0x0093e2   0x31  Code  Lc  xprintfsmall.o [4]
print_table             0x0091e3   0x52  Code  Gb  transform.o [1]
printf                  0x009736   0x20  Code  Gb  printf.o [4]
putchar                 0x0096e9   0x1b  Code  Gb  main.o [1]
strchr                  0x009879   0x13  Code  Gb  DebugPort.o [1]
strlen                  0x0098b2   0x12  Code  Gb  strlen.o [4]
strtoul                 0x009774   0x1c  Code  Gb  DebugPort.o [1]
tCommandItems           0x009905    0xf  Data  Lc  DebugPort.o [1]
tDebugPortCtrLoc        0x000214   0x38  Data  Lc  DebugPort.o [1]
tPWMStat                0x00024c    0xc  Data  Lc  sample.o [1]
tTransTable             0x000010  0x204  Data  Gb  transform.o [1]
table_display           0x009a67    0x4  Code  Lc  DebugPort.o [1]
table_index_get         0x009a8f    0x4  Code  Gb  transform.o [1]
table_index_value_get   0x009a02    0x9  Code  Gb  transform.o [1]
table_index_value_set   0x0098e5   0x10  Code  Gb  transform.o [1]
table_item_value_display
                        0x009993    0xd  Code  Lc  DebugPort.o [1]
timer_flag              0x00025a    0x1  Data  Gb  timer.o [1]
timer_init              0x009576   0x28  Code  Gb  timer.o [1]
transform_init          0x009a34    0x7  Code  Gb  transform.o [1]
transfrom_handle        0x008b1a   0xe0  Code  Gb  transform.o [1]


[1] = F:\Lance\stm8\STM8S_StdPeriph_Lib\MyProject\Y384\Debug\Obj
[2] = command line
[3] = dbgstm8smd.a
[4] = dlstm8smn.a

  6 506 bytes of readonly  code memory
    844 bytes of readonly  data memory
    859 bytes of readwrite data memory

Errors: none
Warnings: none
