###############################################################################
#                                                                             #
# IAR ELF Linker V1.30.1.50036 for STM8                 30/Jan/2018  12:35:40 #
# Copyright 2010-2011 IAR Systems AB.                                         #
#                                                                             #
#    Output file  =  F:\Lance\stm8\STM8S_StdPeriph_Lib\MyProject\Y384\Debug\E #
#                    xe\Y384.out                                              #
#    Map file     =  F:\Lance\stm8\STM8S_StdPeriph_Lib\MyProject\Y384\Debug\L #
#                    ist\Y384.map                                             #
#    Command line =  F:\Lance\stm8\STM8S_StdPeriph_Lib\MyProject\Y384\Debug\O #
#                    bj\DebugPort.o F:\Lance\stm8\STM8S_StdPeriph_Lib\MyProje #
#                    ct\Y384\Debug\Obj\IWDG_ctrl.o                            #
#                    F:\Lance\stm8\STM8S_StdPeriph_Lib\MyProject\Y384\Debug\O #
#                    bj\PWM_out.o F:\Lance\stm8\STM8S_StdPeriph_Lib\MyProject #
#                    \Y384\Debug\Obj\main.o F:\Lance\stm8\STM8S_StdPeriph_Lib #
#                    \MyProject\Y384\Debug\Obj\sample.o                       #
#                    F:\Lance\stm8\STM8S_StdPeriph_Lib\MyProject\Y384\Debug\O #
#                    bj\stm8s_adc1.o F:\Lance\stm8\STM8S_StdPeriph_Lib\MyProj #
#                    ect\Y384\Debug\Obj\stm8s_awu.o                           #
#                    F:\Lance\stm8\STM8S_StdPeriph_Lib\MyProject\Y384\Debug\O #
#                    bj\stm8s_beep.o F:\Lance\stm8\STM8S_StdPeriph_Lib\MyProj #
#                    ect\Y384\Debug\Obj\stm8s_clk.o                           #
#                    F:\Lance\stm8\STM8S_StdPeriph_Lib\MyProject\Y384\Debug\O #
#                    bj\stm8s_exti.o F:\Lance\stm8\STM8S_StdPeriph_Lib\MyProj #
#                    ect\Y384\Debug\Obj\stm8s_flash.o                         #
#                    F:\Lance\stm8\STM8S_StdPeriph_Lib\MyProject\Y384\Debug\O #
#                    bj\stm8s_gpio.o F:\Lance\stm8\STM8S_StdPeriph_Lib\MyProj #
#                    ect\Y384\Debug\Obj\stm8s_i2c.o                           #
#                    F:\Lance\stm8\STM8S_StdPeriph_Lib\MyProject\Y384\Debug\O #
#                    bj\stm8s_it.o F:\Lance\stm8\STM8S_StdPeriph_Lib\MyProjec #
#                    t\Y384\Debug\Obj\stm8s_itc.o                             #
#                    F:\Lance\stm8\STM8S_StdPeriph_Lib\MyProject\Y384\Debug\O #
#                    bj\stm8s_iwdg.o F:\Lance\stm8\STM8S_StdPeriph_Lib\MyProj #
#                    ect\Y384\Debug\Obj\stm8s_rst.o                           #
#                    F:\Lance\stm8\STM8S_StdPeriph_Lib\MyProject\Y384\Debug\O #
#                    bj\stm8s_tim1.o F:\Lance\stm8\STM8S_StdPeriph_Lib\MyProj #
#                    ect\Y384\Debug\Obj\stm8s_tim2.o                          #
#                    F:\Lance\stm8\STM8S_StdPeriph_Lib\MyProject\Y384\Debug\O #
#                    bj\stm8s_tim4.o F:\Lance\stm8\STM8S_StdPeriph_Lib\MyProj #
#                    ect\Y384\Debug\Obj\stm8s_uart1.o                         #
#                    F:\Lance\stm8\STM8S_StdPeriph_Lib\MyProject\Y384\Debug\O #
#                    bj\transform.o --redirect _Printf=_PrintfSmall           #
#                    --redirect _Scanf=_ScanfSmall -o                         #
#                    F:\Lance\stm8\STM8S_StdPeriph_Lib\MyProject\Y384\Debug\E #
#                    xe\Y384.out --map F:\Lance\stm8\STM8S_StdPeriph_Lib\MyPr #
#                    oject\Y384\Debug\List\Y384.map --config                  #
#                    F:\Lance\stm8\STM8S_StdPeriph_Lib\MyProject\Y384\lnkstm8 #
#                    s103f3.icf --config_def _CSTACK_SIZE=0x100 --config_def  #
#                    _HEAP_SIZE=0x100 --entry __iar_program_start --debug_lib #
#                                                                             #
#                                                                             #
###############################################################################

*******************************************************************************
*** RUNTIME MODEL ATTRIBUTES
***

__SystemLibrary            = DLib
__code_model               = small
__core                     = stm8
__data_model               = medium
__dlib_file_descriptor     = 0
__dlib_full_locale_support = 0
__rt_version               = 4


*******************************************************************************
*** PLACEMENT SUMMARY
***

"A1":  place at start of [0x000000-0x0000ff] { rw section .vregs };
"A2":  place at end of [0x000000-0x0003ff] { block CSTACK };
"P2":  place in [from 0x000000 to 0x0003ff] {
          block HEAP, rw section .far.bss, rw section .far.data,
          rw section .far.noinit, rw section .far_func.textrw,
          rw section .huge.bss, rw section .huge.data, rw section .huge.noinit,
          rw section .huge_func.textrw, rw section .iar.dynexit,
          rw section .near.bss, rw section .near.data, rw section .near.noinit,
          rw section .near_func.textrw };
"A3":  place at start of [0x008000-0x009fff] { block INTVEC };
"P3":  place in [from 0x008000 to 0x009fff] {
          ro section .far.data_init, ro section .far_func.textrw_init,
          ro section .huge.data_init, ro section .huge_func.textrw_init,
          ro section .iar.init_table, ro section .init_array,
          ro section .near.data_init, ro section .near.rodata,
          ro section .near_func.text, ro section .near_func.textrw_init,
          ro section .tiny.data_init, ro section .tiny.rodata_init };

  Section            Kind      Address    Size  Object
  -------            ----      -------    ----  ------
"A1":                                     0x10
  .vregs             uninit   0x000000    0x10  vregs.o [4]
                            - 0x000010    0x10

"P2", part 1 of 2:                       0x202
  P2 s0                       0x000010   0x202  <Init block>
    .near.data       inited   0x000010   0x202  transform.o [1]
                            - 0x000212   0x202

"P2", part 2 of 2:                        0x45
  .near.bss          zero     0x000212    0x38  DebugPort.o [1]
  .near.bss          zero     0x00024a     0xb  sample.o [1]
  .near.bss          zero     0x000255     0x2  errno.o [4]
                            - 0x000257    0x45

"A2":                                    0x100
  CSTACK                      0x000300   0x100  <Block>
    CSTACK           uninit   0x000300   0x100  <Block tail>
                            - 0x000400   0x100

"A3":                                     0x80
  INTVEC                      0x008000    0x80  <Block>
    .intvec          const    0x008000    0x80  interrupt.o [4]
                            - 0x008080    0x80

"P3":                                   0x19e1
  .near_func.text    ro code  0x008080   0x354  xprintfsmall.o [4]
  .near_func.text    ro code  0x0083d4   0x1c8  xstoul.o [4]
  .near_func.text    ro code  0x00859c   0x198  long.o [4]
  .near_func.text    ro code  0x008734   0x171  xprintfsmall.o [4]
  .near_func.text    ro code  0x0088a5   0x102  vreg_util.o [4]
  .near_func.text    ro code  0x0089a7    0xe9  stm8s_uart1.o [1]
  .near_func.text    ro code  0x008a90    0x8f  stm8s_tim1.o [1]
  .near_func.text    ro code  0x008b1f    0x82  long_util.o [4]
  .near_func.text    ro code  0x008ba1    0x7b  DebugPort.o [1]
  .near_func.text    ro code  0x008c1c    0x76  sample.o [1]
  .near_func.text    ro code  0x008c92    0x70  transform.o [1]
  .near_func.text    ro code  0x008d02    0x6b  stm8s_gpio.o [1]
  .near_func.text    ro code  0x008d6d    0x5e  xassert.o [4]
  .near_func.text    ro code  0x008dcb    0x5c  DebugPort.o [1]
  .near_func.text    ro code  0x008e27    0x58  sample.o [1]
  .near_func.text    ro code  0x008e7f    0x56  short.o [4]
  .near_func.text    ro code  0x008ed5    0x55  stm8s_uart1.o [1]
  .near_func.text    ro code  0x008f2a    0x54  sample.o [1]
  .near_func.text    ro code  0x008f7e    0x50  transform.o [1]
  .near_func.text    ro code  0x008fce    0x49  stm8s_uart1.o [1]
  .near_func.text    ro code  0x009017    0x48  xreportassert.o [4]
  .near_func.text    ro code  0x00905f    0x44  DebugPort.o [1]
  .near_func.text    ro code  0x0090a3    0x41  xprintfsmall.o [4]
  .near_func.text    ro code  0x0090e4    0x40  DebugPort.o [1]
  .near.rodata       const    0x009124    0x3d  transform.o [1]
  .near_func.text    ro code  0x009161    0x3b  DebugPort.o [1]
  .near_func.text    ro code  0x00919c    0x3b  stm8s_clk.o [1]
  .near_func.text    ro code  0x0091d7    0x33  xprintfsmall.o [4]
  .near_func.text    ro code  0x00920a    0x31  xprintfsmall.o [4]
  .near_func.text    ro code  0x00923b    0x31  xprintfsmall.o [4]
  .near_func.text    ro code  0x00926c    0x2c  dc_util.o [4]
  .near.rodata       const    0x009298    0x2b  transform.o [1]
  .near_func.text    ro code  0x0092c3    0x2b  stm8s_uart1.o [1]
  .near_func.text    ro code  0x0092ee    0x28  init_small.o [4]
  .near.rodata       const    0x009316    0x25  xstoul.o [4]
  .near.rodata       const    0x00933b    0x25  xstoul.o [4]
  .near_func.text    ro code  0x009360    0x25  PWM_out.o [1]
  .near_func.text    ro code  0x009385    0x25  stm8s_tim1.o [1]
  .near_func.text    ro code  0x0093aa    0x24  sample.o [1]
  .near_func.text    ro code  0x0093ce    0x23  stm8s_tim2.o [1]
  .near_func.text    ro code  0x0093f1    0x22  DebugPort.o [1]
  .near_func.text    ro code  0x009413    0x1d  stm8s_tim1.o [1]
  .iar.init_table    const    0x009430    0x12  - Linker created -
  .near_func.text    ro code  0x009442    0x20  printf.o [4]
  .near_func.text    ro code  0x009462    0x1e  init_small.o [4]
  .near_func.text    ro code  0x009480    0x1c  main.o [1]
  .near_func.text    ro code  0x00949c    0x1b  DebugPort.o [1]
  .near_func.text    ro code  0x0094b7    0x19  main.o [1]
  .near_func.text    ro code  0x0094d0    0x19  xprintfsmall.o [4]
  .near_func.text    ro code  0x0094e9    0x19  xprout.o [4]
  .near_func.text    ro code  0x009502    0x17  init.o [4]
  .near_func.text    ro code  0x009519    0x17  xreportassert.o [4]
  .near.rodata       const    0x009530    0x16  xreportassert.o [4]
  .near_func.text    ro code  0x009546    0x16  stm8s_tim1.o [1]
  .near_func.text    ro code  0x00955c    0x15  DebugPort.o [1]
  .near_func.text    ro code  0x009571    0x15  IWDG_ctrl.o [1]
  .near_func.text    ro code  0x009586    0x15  strchr.o [4]
  .near_func.text    ro code  0x00959b    0x15  memchr.o [4]
  .near_func.text    ro code  0x0095b0    0x14  __dbg_xxexit.o [3]
  .near_func.text    ro code  0x0095c4    0x13  cstartup.o [4]
  .near_func.text    ro code  0x0095d7    0x12  strlen.o [4]
  .near.rodata       const    0x0095e9    0x11  DebugPort.o [1]
  .near_func.text    ro code  0x0095fa    0x10  xprintfsmall.o [4]
  .near.rodata       const    0x00960a     0xf  DebugPort.o [1]
  .near.rodata       const    0x009619     0xf  DebugPort.o [1]
  .near_func.text    ro code  0x009628     0xf  DebugPort.o [1]
  .near_func.text    ro code  0x009637     0xf  stm8s_tim2.o [1]
  .near_func.text    ro code  0x009646     0xf  stm8s_uart1.o [1]
  .near.rodata       const    0x009655     0xd  xreportassert.o [4]
  .near_func.text    ro code  0x009662     0xd  DebugPort.o [1]
  .near_func.text    ro code  0x00966f     0xd  stm8s_tim1.o [1]
  .near_func.text    ro code  0x00967c     0xd  stm8s_tim2.o [1]
  .near_func.text    ro code  0x009689     0xd  stm8s_tim2.o [1]
  .near_func.text    ro code  0x009696     0xd  stm8s_tim2.o [1]
  .near_func.text    ro code  0x0096a3     0xd  transform.o [1]
  .near_func.text    ro code  0x0096b0     0xc  stm8s_clk.o [1]
  .near_func.text    ro code  0x0096bc     0xc  stm8s_tim1.o [1]
  .near_func.text    ro code  0x0096c8     0xc  stm8s_tim1.o [1]
  .near_func.text    ro code  0x0096d4     0xc  stm8s_tim1.o [1]
  .near_func.text    ro code  0x0096e0     0xc  stm8s_tim2.o [1]
  .near_func.text    ro code  0x0096ec     0xc  stm8s_tim2.o [1]
  .near_func.text    ro code  0x0096f8     0xb  DebugPort.o [1]
  .near_func.text    ro code  0x009703     0xb  stm8s_clk.o [1]
  .near_func.text    ro code  0x00970e     0xb  __dbg_abort.o [3]
  .near.rodata       const    0x009719     0xa  DebugPort.o [1]
  .near_func.text    ro code  0x009723     0xa  xprintfsmall.o [4]
  .near_func.text    ro code  0x00972d     0xa  xprintfsmall.o [4]
  .near_func.text    ro code  0x009737     0xa  xprintfsmall.o [4]
  .near.rodata       const    0x009741     0x9  DebugPort.o [1]
  .near.rodata       const    0x00974a     0x9  sample.o [1]
  .near_func.text    ro code  0x009753     0x9  DebugPort.o [1]
  .near_func.text    ro code  0x00975c     0x9  sample.o [1]
  .near_func.text    ro code  0x009765     0x9  stm8s_tim1.o [1]
  .near_func.text    ro code  0x00976e     0x9  stm8s_tim2.o [1]
  .near_func.text    ro code  0x009777     0x9  transform.o [1]
  .near_func.text    ro code  0x009780     0x9  xprintfsmall.o [4]
  .near_func.text    ro code  0x009789     0x9  xprintfsmall.o [4]
  .near_func.text    ro code  0x009792     0x9  xprintfsmall.o [4]
  .near_func.text    ro code  0x00979b     0x8  DebugPort.o [1]
  .near_func.text    ro code  0x0097a3     0x8  stm8s_uart1.o [1]
  .near.rodata       const    0x0097ab     0x7  xprintfsmall.o [4]
  .near_func.text    ro code  0x0097b2     0x7  DebugPort.o [1]
  .near_func.text    ro code  0x0097b9     0x7  stm8s_uart1.o [1]
  .near_func.text    ro code  0x0097c0     0x7  stm8s_uart1.o [1]
  .near_func.text    ro code  0x0097c7     0x7  stm8s_uart1.o [1]
  .near_func.text    ro code  0x0097ce     0x7  stm8s_uart1.o [1]
  .near_func.text    ro code  0x0097d5     0x6  DebugPort.o [1]
  .near_func.text    ro code  0x0097db     0x6  stm8s_tim2.o [1]
  .near_func.text    ro code  0x0097e1     0x6  transform.o [1]
  .near_func.text    ro code  0x0097e7     0x6  xprintfsmall.o [4]
  .near.rodata       const    0x0097ed     0x5  DebugPort.o [1]
  .near.rodata       const    0x0097f2     0x5  DebugPort.o [1]
  .near.rodata       const    0x0097f7     0x5  transform.o [1]
  .near.rodata       const    0x0097fc     0x5  xreportassert.o [4]
  .near_func.text    ro code  0x009801     0x5  stm8s_iwdg.o [1]
  .near_func.text    ro code  0x009806     0x5  stm8s_iwdg.o [1]
  .near_func.text    ro code  0x00980b     0x5  stm8s_tim1.o [1]
  .near_func.text    ro code  0x009810     0x5  transform.o [1]
  .near_func.text    ro code  0x009815     0x5  cexit.o [4]
  .near.rodata       const    0x00981a     0x4  stm8s_clk.o [1]
  .near.rodata       const    0x00981e     0x4  transform.o [1]
  .near_func.text    ro code  0x009822     0x4  stm8s_iwdg.o [1]
  .near_func.text    ro code  0x009826     0x4  stm8s_iwdg.o [1]
  .near_func.text    ro code  0x00982a     0x4  stm8s_iwdg.o [1]
  .near_func.text    ro code  0x00982e     0x4  stm8s_uart1.o [1]
  .near_func.text    ro code  0x009832     0x4  stm8s_uart1.o [1]
  .near.rodata       const    0x009836     0x3  transform.o [1]
  .near_func.text    ro code  0x009839     0x3  DebugPort.o [1]
  .near_func.text    ro code  0x00983c     0x3  interrupt.o [4]
  .near_func.text    ro code  0x00983f     0x3  low_level_init.o [4]
  .near_func.text    ro code  0x009842     0x3  exit.o [4]
  .near_func.text    ro code  0x009845     0x3  unhandled_exception.o [4]
  .near.rodata       const    0x009848     0x2  xreportassert.o [4]
  .near.rodata       const    0x00984a     0x2  xreportassert.o [4]
  .near_func.text    ro code  0x00984c     0x1  stm8s_it.o [1]
  .near_func.text    ro code  0x00984d     0x1  stm8s_it.o [1]
  .near_func.text    ro code  0x00984e     0x1  stm8s_it.o [1]
  .near_func.text    ro code  0x00984f     0x1  stm8s_it.o [1]
  .near_func.text    ro code  0x009850     0x1  stm8s_it.o [1]
  .near_func.text    ro code  0x009851     0x1  stm8s_it.o [1]
  .near_func.text    ro code  0x009852     0x1  stm8s_it.o [1]
  .near_func.text    ro code  0x009853     0x1  stm8s_it.o [1]
  .near_func.text    ro code  0x009854     0x1  stm8s_it.o [1]
  .near_func.text    ro code  0x009855     0x1  stm8s_it.o [1]
  .near_func.text    ro code  0x009856     0x1  stm8s_it.o [1]
  .near_func.text    ro code  0x009857     0x1  stm8s_it.o [1]
  .near_func.text    ro code  0x009858     0x1  stm8s_it.o [1]
  .near_func.text    ro code  0x009859     0x1  stm8s_it.o [1]
  .near_func.text    ro code  0x00985a     0x1  stm8s_it.o [1]
  .near_func.text    ro code  0x00985b     0x1  stm8s_it.o [1]
  .near_func.text    ro code  0x00985c     0x1  stm8s_it.o [1]
  .near_func.text    ro code  0x00985d     0x1  xassert.o [4]
  .near_func.text    ro code  0x00985e     0x1  __dbg_break.o [3]
  Initializer bytes  ro data  0x00985f   0x202  <for P2 s0>
                            - 0x009a61  0x19e1


*******************************************************************************
*** INIT TABLE
***

          Address   Size
          -------   ----
Zero (__iar_zero_init2)
    1 destination range, total size 0x45:
          0x000212   0x45

Copy (__iar_copy_init2)
    1 source range, total size 0x202:
          0x00985f  0x202
    1 destination range, total size 0x202:
          0x000010  0x202


*******************************************************************************
*** MODULE SUMMARY
***

    Module                 ro code  ro data  rw data
    ------                 -------  -------  -------
F:\Lance\stm8\STM8S_StdPeriph_Lib\MyProject\Y384\Debug\Obj: [1]
    DebugPort.o                560       76       56
    IWDG_ctrl.o                 21
    PWM_out.o                   37
    main.o                      53
    sample.o                   335        9       11
    stm8s_clk.o                 82        4
    stm8s_gpio.o               107
    stm8s_it.o                  17
    stm8s_iwdg.o                22
    stm8s_tim1.o               294
    stm8s_tim2.o               128
    stm8s_uart1.o              493
    transform.o                225      630      514
    ------------------------------------------------
    Total:                   2 374      719      581

command line: [2]
    ------------------------------------------------
    Total:

dbgstm8smd.a: [3]
    __dbg_abort.o               11
    __dbg_break.o                1
    __dbg_xxexit.o              20
    ------------------------------------------------
    Total:                      32

dlstm8smn.a: [4]
    cexit.o                      5
    cstartup.o                  19
    dc_util.o                   44
    errno.o                                        2
    exit.o                       3
    init.o                      23
    init_small.o                70
    interrupt.o                  3      128
    long.o                     408
    long_util.o                130
    low_level_init.o             3
    memchr.o                    21
    printf.o                    32
    short.o                     86
    strchr.o                    21
    strlen.o                    18
    unhandled_exception.o        3
    vreg_util.o                258
    vregs.o                                       16
    xassert.o                   95
    xprintfsmall.o           1 539        7
    xprout.o                    25
    xreportassert.o             95       44
    xstoul.o                   456       74
    ------------------------------------------------
    Total:                   3 357      253       18

    Linker created                       18      256
----------------------------------------------------
    Grand Total:             5 763      990      855


*******************************************************************************
*** ENTRY LIST
***

Entry                    Address   Size  Type      Object
-----                    -------   ----  ----      ------
?add32_l0_l0_0x         0x0085af         Code  Gb  long.o [4]
?add32_l0_l0_l1         0x0085ac         Code  Gb  long.o [4]
?and32_l0_l0_0x         0x0086ef         Code  Gb  long.o [4]
?and32_l0_l0_l1         0x0086ec         Code  Gb  long.o [4]
?b0                     0x000000         Data  Gb  vregs.o [4]
?b1                     0x000001         Data  Gb  vregs.o [4]
?b10                    0x00000a         Data  Gb  vregs.o [4]
?b11                    0x00000b         Data  Gb  vregs.o [4]
?b12                    0x00000c         Data  Gb  vregs.o [4]
?b13                    0x00000d         Data  Gb  vregs.o [4]
?b14                    0x00000e         Data  Gb  vregs.o [4]
?b15                    0x00000f         Data  Gb  vregs.o [4]
?b2                     0x000002         Data  Gb  vregs.o [4]
?b3                     0x000003         Data  Gb  vregs.o [4]
?b4                     0x000004         Data  Gb  vregs.o [4]
?b5                     0x000005         Data  Gb  vregs.o [4]
?b6                     0x000006         Data  Gb  vregs.o [4]
?b7                     0x000007         Data  Gb  vregs.o [4]
?b8                     0x000008         Data  Gb  vregs.o [4]
?b9                     0x000009         Data  Gb  vregs.o [4]
?dc32_l0                0x009273         Code  Gb  dc_util.o [4]
?dc32_l1                0x009280         Code  Gb  dc_util.o [4]
?dc32_px                0x00928d         Code  Gb  dc_util.o [4]
?dc8_px                 0x00926c         Code  Gb  dc_util.o [4]
?e0                     0x000001         Data  Gb  vregs.o [4]
?e1                     0x000005         Data  Gb  vregs.o [4]
?e2                     0x000009         Data  Gb  vregs.o [4]
?e3                     0x00000d         Data  Gb  vregs.o [4]
?epilogue_l2            0x00894a         Code  Gb  vreg_util.o [4]
?epilogue_l2_l3         0x008947         Code  Gb  vreg_util.o [4]
?epilogue_w4            0x00894e         Code  Gb  vreg_util.o [4]
?l0                     0x000000         Data  Gb  vregs.o [4]
?l1                     0x000004         Data  Gb  vregs.o [4]
?l2                     0x000008         Data  Gb  vregs.o [4]
?l3                     0x00000c         Data  Gb  vregs.o [4]
?load32_0x_l0           0x008b74         Code  Gb  long_util.o [4]
?load32_0x_l2           0x008b93         Code  Gb  long_util.o [4]
?load32_asp_l0          0x008b68         Code  Gb  long_util.o [4]
?load32_asp_l2          0x008b87         Code  Gb  long_util.o [4]
?load32_dbsp_l0         0x008b63         Code  Gb  long_util.o [4]
?load32_dbsp_l2         0x008b82         Code  Gb  long_util.o [4]
?load32_l0_0x           0x008b2f         Code  Gb  long_util.o [4]
?load32_l0_asp          0x008b24         Code  Gb  long_util.o [4]
?load32_l0_dbsp         0x008b1f         Code  Gb  long_util.o [4]
?load32_l0_xsp          0x008b26         Code  Gb  long_util.o [4]
?load32_l1_0x           0x008b4b         Code  Gb  long_util.o [4]
?load32_l1_asp          0x008b40         Code  Gb  long_util.o [4]
?load32_l1_dbsp         0x008b3b         Code  Gb  long_util.o [4]
?load32_l1_xsp          0x008b42         Code  Gb  long_util.o [4]
?load32_l2_0x           0x008b57         Code  Gb  long_util.o [4]
?load32_xsp_l0          0x008b6a         Code  Gb  long_util.o [4]
?load32_xsp_l2          0x008b89         Code  Gb  long_util.o [4]
?mov_e0_e1              0x00895c         Code  Gb  vreg_util.o [4]
?mov_e0_e2              0x008969         Code  Gb  vreg_util.o [4]
?mov_e1_e0              0x008976         Code  Gb  vreg_util.o [4]
?mov_e1_e2              0x008983         Code  Gb  vreg_util.o [4]
?mov_e2_e0              0x008990         Code  Gb  vreg_util.o [4]
?mov_e3_e0              0x00899d         Code  Gb  vreg_util.o [4]
?mov_l0_l1              0x008959         Code  Gb  vreg_util.o [4]
?mov_l0_l2              0x008966         Code  Gb  vreg_util.o [4]
?mov_l1_l0              0x008973         Code  Gb  vreg_util.o [4]
?mov_l1_l2              0x008980         Code  Gb  vreg_util.o [4]
?mov_l2_l0              0x00898d         Code  Gb  vreg_util.o [4]
?mov_l3_l0              0x00899a         Code  Gb  vreg_util.o [4]
?mov_w1_w3              0x00895f         Code  Gb  vreg_util.o [4]
?mov_w1_w5              0x00896c         Code  Gb  vreg_util.o [4]
?mov_w3_w1              0x008979         Code  Gb  vreg_util.o [4]
?mov_w3_w5              0x008986         Code  Gb  vreg_util.o [4]
?mov_w4_w0              0x008952         Code  Gb  vreg_util.o [4]
?mov_w5_w1              0x008993         Code  Gb  vreg_util.o [4]
?mov_w7_w1              0x0089a0         Code  Gb  vreg_util.o [4]
?mul16_x_x_w0           0x008e7f         Code  Gb  short.o [4]
?mul32_l0_l0_0x         0x0085e5         Code  Gb  long.o [4]
?mul32_l0_l0_dl         0x0085e2         Code  Gb  long.o [4]
?mul32_l0_l0_l1         0x0085ee         Code  Gb  long.o [4]
?neg32_l0_l0            0x00859c         Code  Gb  long.o [4]
?pop_l0                 0x008913         Code  Gb  vreg_util.o [4]
?pop_l1                 0x00891e         Code  Gb  vreg_util.o [4]
?pop_l2                 0x008929         Code  Gb  vreg_util.o [4]
?pop_l3                 0x008934         Code  Gb  vreg_util.o [4]
?pop_w4                 0x0088cc         Code  Gb  vreg_util.o [4]
?pop_w5                 0x0088d3         Code  Gb  vreg_util.o [4]
?push_l0                0x0088e2         Code  Gb  vreg_util.o [4]
?push_l1                0x0088e7         Code  Gb  vreg_util.o [4]
?push_l2                0x0088ec         Code  Gb  vreg_util.o [4]
?push_l3                0x0088f1         Code  Gb  vreg_util.o [4]
?push_w0                0x0088a5         Code  Gb  vreg_util.o [4]
?push_w1                0x0088aa         Code  Gb  vreg_util.o [4]
?push_w4                0x0088af         Code  Gb  vreg_util.o [4]
?push_w5                0x0088b4         Code  Gb  vreg_util.o [4]
?sdiv16_x_x_y           0x008e9d         Code  Gb  short.o [4]
?sext32_l0_a            0x008727         Code  Gb  long.o [4]
?sext32_l0_x            0x00871c         Code  Gb  long.o [4]
?sll16_x_x_a            0x008ec6         Code  Gb  short.o [4]
?sll32_0x_0x_a          0x00870e         Code  Gb  long.o [4]
?sll32_l0_l0_a          0x00870b         Code  Gb  long.o [4]
?sll32_l0_l0_db         0x008707         Code  Gb  long.o [4]
?smod16_y_x_y           0x008eb6         Code  Gb  short.o [4]
?srl16_x_x_4            0x008ed0         Code  Gb  short.o [4]
?srl16_x_x_5            0x008ecf         Code  Gb  short.o [4]
?srl16_x_x_6            0x008ece         Code  Gb  short.o [4]
?sub32_l0_l0_0x         0x0085ca         Code  Gb  long.o [4]
?sub32_l0_l0_l1         0x0085c7         Code  Gb  long.o [4]
?ucmp32_c_l0_l1         0x0086e1         Code  Gb  long.o [4]
?udiv32_l0_dl_l1        0x00866c         Code  Gb  long.o [4]
?udiv32_l0_l0_dl        0x008671         Code  Gb  long.o [4]
?udiv32_l0_l0_l1        0x008674         Code  Gb  long.o [4]
?umod32_l1_l0_l1        0x008674         Code  Gb  long.o [4]
?w0                     0x000000         Data  Gb  vregs.o [4]
?w1                     0x000002         Data  Gb  vregs.o [4]
?w2                     0x000004         Data  Gb  vregs.o [4]
?w3                     0x000006         Data  Gb  vregs.o [4]
?w4                     0x000008         Data  Gb  vregs.o [4]
?w5                     0x00000a         Data  Gb  vregs.o [4]
?w6                     0x00000c         Data  Gb  vregs.o [4]
?w7                     0x00000e         Data  Gb  vregs.o [4]
ADC1_IRQHandler         0x00985a    0x1  Code  Gb  stm8s_it.o [1]
AWU_IRQHandler          0x00984e    0x1  Code  Gb  stm8s_it.o [1]
CLK_GetClockFreq        0x00919c   0x3b  Code  Gb  stm8s_clk.o [1]
CLK_HSIPrescalerConfig  0x0096b0    0xc  Code  Gb  stm8s_clk.o [1]
CLK_IRQHandler          0x00984f    0x1  Code  Gb  stm8s_it.o [1]
CSTACK$$Base            0x000300          --   Gb  - Linker created -
CSTACK$$Limit           0x000400          --   Gb  - Linker created -
DebugPort_GetCurPWMRateIn
                        0x009628    0xf  Code  Lc  DebugPort.o [1]
DebugPort_Handler       0x009161   0x3b  Code  Gb  DebugPort.o [1]
DebugPort_Init          0x0093f1   0x22  Code  Gb  DebugPort.o [1]
DebugPort_Open          0x00955c   0x15  Code  Gb  DebugPort.o [1]
DebugPort_SetCurPWMRateOut
                        0x0090e4   0x40  Code  Lc  DebugPort.o [1]
DebugPort_UnknownCmd    0x0097d5    0x6  Code  Lc  DebugPort.o [1]
DebugPort_Write         0x008dcb   0x4f  Code  Gb  DebugPort.o [1]
EEPROM_EEC_IRQHandler   0x00985c    0x1  Code  Gb  stm8s_it.o [1]
EXTI_PORTA_IRQHandler   0x009850    0x1  Code  Gb  stm8s_it.o [1]
EXTI_PORTB_IRQHandler   0x009851    0x1  Code  Gb  stm8s_it.o [1]
EXTI_PORTC_IRQHandler   0x009852    0x1  Code  Gb  stm8s_it.o [1]
EXTI_PORTD_IRQHandler   0x009853    0x1  Code  Gb  stm8s_it.o [1]
EXTI_PORTE_IRQHandler   0x009854    0x1  Code  Gb  stm8s_it.o [1]
GPIO_Init               0x008d02   0x6b  Code  Gb  stm8s_gpio.o [1]
HSIDivFactor            0x00981a    0x4  Data  Gb  stm8s_clk.o [1]
I2C_IRQHandler          0x009859    0x1  Code  Gb  stm8s_it.o [1]
INTVEC$$Base            0x008000          --   Gb  - Linker created -
INTVEC$$Limit           0x008080          --   Gb  - Linker created -
IWDG_Config             0x009571   0x15  Code  Gb  IWDG_ctrl.o [1]
IWDG_Enable             0x009806    0x5  Code  Gb  stm8s_iwdg.o [1]
IWDG_ReloadCounter      0x009801    0x5  Code  Gb  stm8s_iwdg.o [1]
IWDG_SetPrescaler       0x009826    0x4  Code  Gb  stm8s_iwdg.o [1]
IWDG_SetReload          0x00982a    0x4  Code  Gb  stm8s_iwdg.o [1]
IWDG_WriteAccessCmd     0x009822    0x4  Code  Gb  stm8s_iwdg.o [1]
LoadInt                 0x0090a3   0x41  Code  Lc  xprintfsmall.o [4]
PWM_Init                0x009382    0x3  Code  Gb  PWM_out.o [1]
PWM_Out_Config          0x009360   0x22  Code  Lc  PWM_out.o [1]
Region$$Table$$Base     0x009430          --   Gb  - Linker created -
Region$$Table$$Limit    0x009442          --   Gb  - Linker created -
SPI_IRQHandler          0x009855    0x1  Code  Gb  stm8s_it.o [1]
Sample_init             0x008f7b    0x3  Code  Gb  sample.o [1]
Set_Beep_OptionByte     0x0093aa   0x24  Code  Gb  sample.o [1]
StartDataXmissionIfNeeded
                        0x00949c   0x1b  Code  Lc  DebugPort.o [1]
TIM1_CAP_COM_IRQHandler
                        0x008c1c   0x76  Code  Gb  sample.o [1]
TIM1_ClearITPendingBit  0x00980b    0x5  Code  Gb  stm8s_tim1.o [1]
TIM1_Cmd                0x00966f    0xd  Code  Gb  stm8s_tim1.o [1]
TIM1_DeInit             0x008a90   0x8f  Code  Gb  stm8s_tim1.o [1]
TIM1_GetCapture1        0x0096c8    0xc  Code  Gb  stm8s_tim1.o [1]
TIM1_GetCapture2        0x0096d4    0xc  Code  Gb  stm8s_tim1.o [1]
TIM1_GetITStatus        0x009413   0x1d  Code  Gb  stm8s_tim1.o [1]
TIM1_PWM_Capture_Init   0x008f2a   0x51  Code  Gb  sample.o [1]
TIM1_TimeBaseInit       0x009385   0x25  Code  Gb  stm8s_tim1.o [1]
TIM1_UPD_OVF_TRG_BRK_IRQHandler
                        0x009856    0x1  Code  Gb  stm8s_it.o [1]
TIM2_ARRPreloadConfig   0x009689    0xd  Code  Gb  stm8s_tim2.o [1]
TIM2_CAP_COM_IRQHandler
                        0x009858    0x1  Code  Gb  stm8s_it.o [1]
TIM2_Cmd                0x00967c    0xd  Code  Gb  stm8s_tim2.o [1]
TIM2_OC3Init            0x0093ce   0x23  Code  Gb  stm8s_tim2.o [1]
TIM2_OC3PreloadConfig   0x009696    0xd  Code  Gb  stm8s_tim2.o [1]
TIM2_SetCompare3        0x0097db    0x6  Code  Gb  stm8s_tim2.o [1]
TIM2_TimeBaseInit       0x00976e    0x9  Code  Gb  stm8s_tim2.o [1]
TIM2_UPD_OVF_BRK_IRQHandler
                        0x009857    0x1  Code  Gb  stm8s_it.o [1]
TIM4_UPD_OVF_IRQHandler
                        0x00985b    0x1  Code  Gb  stm8s_it.o [1]
TLI_IRQHandler          0x00984d    0x1  Code  Gb  stm8s_it.o [1]
TRAP_IRQHandler         0x00984c    0x1  Code  Gb  stm8s_it.o [1]
UART1_ClearITPendingBit
                        0x009646    0xf  Code  Gb  stm8s_uart1.o [1]
UART1_DeInit            0x0092c3   0x2b  Code  Gb  stm8s_uart1.o [1]
UART1_GetITStatus       0x008fce   0x49  Code  Gb  stm8s_uart1.o [1]
UART1_ITConfig          0x008ed5   0x55  Code  Gb  stm8s_uart1.o [1]
UART1_Init              0x0089a7   0xe9  Code  Gb  stm8s_uart1.o [1]
UART1_RX_IRQHandler     0x008ba1   0x7b  Code  Gb  DebugPort.o [1]
UART1_ReceiveData8      0x00982e    0x4  Code  Gb  stm8s_uart1.o [1]
UART1_SendData8         0x009832    0x4  Code  Gb  stm8s_uart1.o [1]
UART1_TX_IRQHandler     0x00905f   0x44  Code  Gb  DebugPort.o [1]
_LitobSmall             0x008734  0x171  Code  Lc  xprintfsmall.o [4]
_PrintfSmall            0x008080  0x354  Code  Gb  xprintfsmall.o [4]
_Prout                  0x0094e9   0x19  Code  Gb  xprout.o [4]
_PutcharSmall           0x0091d7   0x33  Code  Lc  xprintfsmall.o [4]
_PutcharsSmall          0x00923b   0x31  Code  Lc  xprintfsmall.o [4]
__DebugBreak            0x00985e    0x1  Code  Gb  __dbg_break.o [3]
__exit                  0x0095b0   0x14  Code  Gb  __dbg_xxexit.o [3]
__iar_EmptyStepPoint    0x00985d    0x1  Code  Gb  xassert.o [4]
__iar_Errno             0x000255    0x2  Data  Gb  errno.o [4]
__iar_Memchr            0x00959b   0x15  Code  Gb  memchr.o [4]
__iar_ReportAssert      0x009017   0x48  Code  Gb  xreportassert.o [4]
__iar_Stoul             0x008595    0x7  Code  Gb  xstoul.o [4]
__iar_Stoulx            0x0083d4  0x1c1  Code  Gb  xstoul.o [4]
__iar_Strchr            0x009586   0x15  Code  Gb  strchr.o [4]
__iar_copy_init2        0x0092ee         Code  Gb  init_small.o [4]
__iar_data_init2        0x009502   0x17  Code  Gb  init.o [4]
__iar_program_start     0x0095c4         Code  Gb  cstartup.o [4]
__iar_unhandled_exception
                        0x009845         Code  Gb  unhandled_exception.o [4]
__iar_zero_init2        0x009462         Code  Gb  init_small.o [4]
__intvec                0x008000         Data  Gb  interrupt.o [4]
__low_level_init        0x00983f    0x3  Code  Gb  low_level_init.o [4]
__stm8abi_assert        0x008d6d   0x5e  Code  Gb  xassert.o [4]
_exit                   0x009815         Code  Gb  cexit.o [4]
_interrupt_1            0x00984c         Code  Gb  stm8s_it.o [1]
_interrupt_10           0x00983c         Code  Wk  interrupt.o [4]
_interrupt_11           0x00983c         Code  Wk  interrupt.o [4]
_interrupt_12           0x009855         Code  Gb  stm8s_it.o [1]
_interrupt_13           0x009856         Code  Gb  stm8s_it.o [1]
_interrupt_14           0x008c1c         Code  Gb  sample.o [1]
_interrupt_15           0x009857         Code  Gb  stm8s_it.o [1]
_interrupt_16           0x009858         Code  Gb  stm8s_it.o [1]
_interrupt_17           0x00983c         Code  Wk  interrupt.o [4]
_interrupt_18           0x00983c         Code  Wk  interrupt.o [4]
_interrupt_19           0x00905f         Code  Gb  DebugPort.o [1]
_interrupt_2            0x00984d         Code  Gb  stm8s_it.o [1]
_interrupt_20           0x008ba1         Code  Gb  DebugPort.o [1]
_interrupt_21           0x009859         Code  Gb  stm8s_it.o [1]
_interrupt_22           0x00983c         Code  Wk  interrupt.o [4]
_interrupt_23           0x00983c         Code  Wk  interrupt.o [4]
_interrupt_24           0x00985a         Code  Gb  stm8s_it.o [1]
_interrupt_25           0x00985b         Code  Gb  stm8s_it.o [1]
_interrupt_26           0x00985c         Code  Gb  stm8s_it.o [1]
_interrupt_27           0x00983c         Code  Wk  interrupt.o [4]
_interrupt_28           0x00983c         Code  Wk  interrupt.o [4]
_interrupt_29           0x00983c         Code  Wk  interrupt.o [4]
_interrupt_3            0x00984e         Code  Gb  stm8s_it.o [1]
_interrupt_30           0x00983c         Code  Wk  interrupt.o [4]
_interrupt_31           0x00983c         Code  Wk  interrupt.o [4]
_interrupt_4            0x00984f         Code  Gb  stm8s_it.o [1]
_interrupt_5            0x009850         Code  Gb  stm8s_it.o [1]
_interrupt_6            0x009851         Code  Gb  stm8s_it.o [1]
_interrupt_7            0x009852         Code  Gb  stm8s_it.o [1]
_interrupt_8            0x009853         Code  Gb  stm8s_it.o [1]
_interrupt_9            0x009854         Code  Gb  stm8s_it.o [1]
abort                   0x00970e    0xb  Code  Gb  __dbg_abort.o [3]
digits                  0x009316   0x25  Data  Lc  xstoul.o [4]
exit                    0x009842    0x3  Code  Gb  exit.o [4]
get_input_pwm           0x008e27   0x58  Code  Gb  sample.o [1]
main                    0x009480   0x1c  Code  Gb  main.o [1]
ndigs                   0x00933b   0x25  Data  Lc  xstoul.o [4]
out                     0x009519   0x17  Code  Lc  xreportassert.o [4]
pad                     0x00920a   0x31  Code  Lc  xprintfsmall.o [4]
print_table             0x008f7e   0x50  Code  Gb  transform.o [1]
printf                  0x009442   0x20  Code  Gb  printf.o [4]
putchar                 0x0094b7   0x19  Code  Gb  main.o [1]
strlen                  0x0095d7   0x12  Code  Gb  strlen.o [4]
tCommandItems           0x00960a    0xf  Data  Lc  DebugPort.o [1]
tDebugPortCtrLoc        0x000212   0x38  Data  Lc  DebugPort.o [1]
tPWMStat                0x00024a    0xb  Data  Lc  sample.o [1]
tTransTable             0x000010  0x202  Data  Gb  transform.o [1]
table_display           0x009839    0x3  Code  Lc  DebugPort.o [1]
table_index_get         0x009810    0x5  Code  Gb  transform.o [1]
table_index_value_get   0x009777    0x9  Code  Gb  transform.o [1]
table_index_value_set   0x0096a3    0xd  Code  Gb  transform.o [1]
table_item_value_display
                        0x009662    0xd  Code  Lc  DebugPort.o [1]
transform_init          0x0097e1    0x6  Code  Gb  transform.o [1]
transfrom_handle        0x008c92   0x70  Code  Gb  transform.o [1]


[1] = F:\Lance\stm8\STM8S_StdPeriph_Lib\MyProject\Y384\Debug\Obj
[2] = command line
[3] = dbgstm8smd.a
[4] = dlstm8smn.a

  5 763 bytes of readonly  code memory
    990 bytes of readonly  data memory
    855 bytes of readwrite data memory

Errors: none
Warnings: none
