###############################################################################
#                                                                             #
# IAR ELF Linker V1.30.1.50036 for STM8                 30/Jan/2018  14:19:40 #
# Copyright 2010-2011 IAR Systems AB.                                         #
#                                                                             #
#    Output file  =  F:\Lance\stm8\STM8S_StdPeriph_Lib\MyProject\Y384\Debug\E #
#                    xe\Y384.out                                              #
#    Map file     =  F:\Lance\stm8\STM8S_StdPeriph_Lib\MyProject\Y384\Debug\L #
#                    ist\Y384.map                                             #
#    Command line =  F:\Lance\stm8\STM8S_StdPeriph_Lib\MyProject\Y384\Debug\O #
#                    bj\DebugPort.o F:\Lance\stm8\STM8S_StdPeriph_Lib\MyProje #
#                    ct\Y384\Debug\Obj\IWDG_ctrl.o                            #
#                    F:\Lance\stm8\STM8S_StdPeriph_Lib\MyProject\Y384\Debug\O #
#                    bj\PWM_out.o F:\Lance\stm8\STM8S_StdPeriph_Lib\MyProject #
#                    \Y384\Debug\Obj\main.o F:\Lance\stm8\STM8S_StdPeriph_Lib #
#                    \MyProject\Y384\Debug\Obj\sample.o                       #
#                    F:\Lance\stm8\STM8S_StdPeriph_Lib\MyProject\Y384\Debug\O #
#                    bj\stm8s_adc1.o F:\Lance\stm8\STM8S_StdPeriph_Lib\MyProj #
#                    ect\Y384\Debug\Obj\stm8s_awu.o                           #
#                    F:\Lance\stm8\STM8S_StdPeriph_Lib\MyProject\Y384\Debug\O #
#                    bj\stm8s_beep.o F:\Lance\stm8\STM8S_StdPeriph_Lib\MyProj #
#                    ect\Y384\Debug\Obj\stm8s_clk.o                           #
#                    F:\Lance\stm8\STM8S_StdPeriph_Lib\MyProject\Y384\Debug\O #
#                    bj\stm8s_exti.o F:\Lance\stm8\STM8S_StdPeriph_Lib\MyProj #
#                    ect\Y384\Debug\Obj\stm8s_flash.o                         #
#                    F:\Lance\stm8\STM8S_StdPeriph_Lib\MyProject\Y384\Debug\O #
#                    bj\stm8s_gpio.o F:\Lance\stm8\STM8S_StdPeriph_Lib\MyProj #
#                    ect\Y384\Debug\Obj\stm8s_i2c.o                           #
#                    F:\Lance\stm8\STM8S_StdPeriph_Lib\MyProject\Y384\Debug\O #
#                    bj\stm8s_it.o F:\Lance\stm8\STM8S_StdPeriph_Lib\MyProjec #
#                    t\Y384\Debug\Obj\stm8s_itc.o                             #
#                    F:\Lance\stm8\STM8S_StdPeriph_Lib\MyProject\Y384\Debug\O #
#                    bj\stm8s_iwdg.o F:\Lance\stm8\STM8S_StdPeriph_Lib\MyProj #
#                    ect\Y384\Debug\Obj\stm8s_rst.o                           #
#                    F:\Lance\stm8\STM8S_StdPeriph_Lib\MyProject\Y384\Debug\O #
#                    bj\stm8s_tim1.o F:\Lance\stm8\STM8S_StdPeriph_Lib\MyProj #
#                    ect\Y384\Debug\Obj\stm8s_tim2.o                          #
#                    F:\Lance\stm8\STM8S_StdPeriph_Lib\MyProject\Y384\Debug\O #
#                    bj\stm8s_tim4.o F:\Lance\stm8\STM8S_StdPeriph_Lib\MyProj #
#                    ect\Y384\Debug\Obj\stm8s_uart1.o                         #
#                    F:\Lance\stm8\STM8S_StdPeriph_Lib\MyProject\Y384\Debug\O #
#                    bj\transform.o --redirect _Printf=_PrintfSmall           #
#                    --redirect _Scanf=_ScanfSmall -o                         #
#                    F:\Lance\stm8\STM8S_StdPeriph_Lib\MyProject\Y384\Debug\E #
#                    xe\Y384.out --map F:\Lance\stm8\STM8S_StdPeriph_Lib\MyPr #
#                    oject\Y384\Debug\List\Y384.map --config                  #
#                    F:\Lance\stm8\STM8S_StdPeriph_Lib\MyProject\Y384\lnkstm8 #
#                    s103f3.icf --config_def _CSTACK_SIZE=0x100 --config_def  #
#                    _HEAP_SIZE=0x100 --entry __iar_program_start --debug_lib #
#                                                                             #
#                                                                             #
###############################################################################

*******************************************************************************
*** RUNTIME MODEL ATTRIBUTES
***

__SystemLibrary            = DLib
__code_model               = small
__core                     = stm8
__data_model               = medium
__dlib_file_descriptor     = 0
__dlib_full_locale_support = 0
__rt_version               = 4


*******************************************************************************
*** PLACEMENT SUMMARY
***

"A1":  place at start of [0x000000-0x0000ff] { rw section .vregs };
"A2":  place at end of [0x000000-0x0003ff] { block CSTACK };
"P2":  place in [from 0x000000 to 0x0003ff] {
          block HEAP, rw section .far.bss, rw section .far.data,
          rw section .far.noinit, rw section .far_func.textrw,
          rw section .huge.bss, rw section .huge.data, rw section .huge.noinit,
          rw section .huge_func.textrw, rw section .iar.dynexit,
          rw section .near.bss, rw section .near.data, rw section .near.noinit,
          rw section .near_func.textrw };
"A3":  place at start of [0x008000-0x009fff] { block INTVEC };
"P3":  place in [from 0x008000 to 0x009fff] {
          ro section .far.data_init, ro section .far_func.textrw_init,
          ro section .huge.data_init, ro section .huge_func.textrw_init,
          ro section .iar.init_table, ro section .init_array,
          ro section .near.data_init, ro section .near.rodata,
          ro section .near_func.text, ro section .near_func.textrw_init,
          ro section .tiny.data_init, ro section .tiny.rodata_init };

  Section            Kind      Address    Size  Object
  -------            ----      -------    ----  ------
"A1":                                     0x10
  .vregs             uninit   0x000000    0x10  vregs.o [4]
                            - 0x000010    0x10

"P2", part 1 of 2:                       0x202
  P2 s0                       0x000010   0x202  <Init block>
    .near.data       inited   0x000010   0x202  transform.o [1]
                            - 0x000212   0x202

"P2", part 2 of 2:                        0x46
  .near.bss          zero     0x000212    0x38  DebugPort.o [1]
  .near.bss          zero     0x00024a     0xc  sample.o [1]
  .near.bss          zero     0x000256     0x2  errno.o [4]
                            - 0x000258    0x46

"A2":                                    0x100
  CSTACK                      0x000300   0x100  <Block>
    CSTACK           uninit   0x000300   0x100  <Block tail>
                            - 0x000400   0x100

"A3":                                     0x80
  INTVEC                      0x008000    0x80  <Block>
    .intvec          const    0x008000    0x80  interrupt.o [4]
                            - 0x008080    0x80

"P3":                                   0x1cd0
  .near_func.text    ro code  0x008080   0x354  xprintfsmall.o [4]
  .near_func.text    ro code  0x0083d4   0x1c8  xstoul.o [4]
  .near_func.text    ro code  0x00859c   0x1bd  long.o [4]
  .near_func.text    ro code  0x008759   0x171  xprintfsmall.o [4]
  .near_func.text    ro code  0x0088ca   0x13b  stm8s_uart1.o [1]
  .near_func.text    ro code  0x008a05   0x115  vreg_util.o [4]
  .near_func.text    ro code  0x008b1a    0xf0  transform.o [1]
  .near_func.text    ro code  0x008c0a    0xb6  stm8s_gpio.o [1]
  .near_func.text    ro code  0x008cc0    0x99  stm8s_tim1.o [1]
  .near_func.text    ro code  0x008d59    0x93  stm8s_uart1.o [1]
  .near_func.text    ro code  0x008dec    0x8c  DebugPort.o [1]
  .near_func.text    ro code  0x008e78    0x87  sample.o [1]
  .near_func.text    ro code  0x008eff    0x7d  stm8s_clk.o [1]
  .near_func.text    ro code  0x008f7c    0x7b  sample.o [1]
  .near_func.text    ro code  0x008ff7    0x76  long_util.o [4]
  .near_func.text    ro code  0x00906d    0x74  stm8s_uart1.o [1]
  .near_func.text    ro code  0x0090e1    0x6b  DebugPort.o [1]
  .near_func.text    ro code  0x00914c    0x67  sample.o [1]
  .near_func.text    ro code  0x0091b3    0x5e  xassert.o [4]
  .near_func.text    ro code  0x009211    0x55  short.o [4]
  .near_func.text    ro code  0x009266    0x52  transform.o [1]
  .near_func.text    ro code  0x0092b8    0x50  DebugPort.o [1]
  .near_func.text    ro code  0x009308    0x50  DebugPort.o [1]
  .near_func.text    ro code  0x009358    0x48  xreportassert.o [4]
  .near_func.text    ro code  0x0093a0    0x41  DebugPort.o [1]
  .near_func.text    ro code  0x0093e1    0x41  xprintfsmall.o [4]
  .near.rodata       const    0x009422    0x3d  transform.o [1]
  .near_func.text    ro code  0x00945f    0x37  stm8s_tim2.o [1]
  .near_func.text    ro code  0x009496    0x33  xprintfsmall.o [4]
  .near_func.text    ro code  0x0094c9    0x31  xprintfsmall.o [4]
  .near_func.text    ro code  0x0094fa    0x31  xprintfsmall.o [4]
  .near_func.text    ro code  0x00952b    0x2d  stm8s_tim1.o [1]
  .near_func.text    ro code  0x009558    0x2d  stm8s_uart1.o [1]
  .near_func.text    ro code  0x009585    0x2c  dc_util.o [4]
  .near.rodata       const    0x0095b1    0x2b  transform.o [1]
  .near_func.text    ro code  0x0095dc    0x2b  stm8s_tim1.o [1]
  .near_func.text    ro code  0x009607    0x2b  stm8s_tim1.o [1]
  .near_func.text    ro code  0x009632    0x2a  stm8s_tim1.o [1]
  .near_func.text    ro code  0x00965c    0x28  init_small.o [4]
  .near.rodata       const    0x009684    0x25  xstoul.o [4]
  .near.rodata       const    0x0096a9    0x25  xstoul.o [4]
  .near_func.text    ro code  0x0096ce    0x25  sample.o [1]
  .near_func.text    ro code  0x0096f3    0x24  DebugPort.o [1]
  .near_func.text    ro code  0x009717    0x24  sample.o [1]
  .near_func.text    ro code  0x00973b    0x23  DebugPort.o [1]
  .near_func.text    ro code  0x00975e    0x23  PWM_out.o [1]
  .near_func.text    ro code  0x009781    0x1b  main.o [1]
  .iar.init_table    const    0x00979c    0x12  - Linker created -
  .near_func.text    ro code  0x0097ae    0x20  DebugPort.o [1]
  .near_func.text    ro code  0x0097ce    0x20  printf.o [4]
  .near_func.text    ro code  0x0097ee    0x1e  init_small.o [4]
  .near_func.text    ro code  0x00980c    0x1c  DebugPort.o [1]
  .near_func.text    ro code  0x009828    0x1c  main.o [1]
  .near_func.text    ro code  0x009844    0x19  xprintfsmall.o [4]
  .near_func.text    ro code  0x00985d    0x19  xprout.o [4]
  .near_func.text    ro code  0x009876    0x17  init.o [4]
  .near_func.text    ro code  0x00988d    0x17  xreportassert.o [4]
  .near.rodata       const    0x0098a4    0x16  xreportassert.o [4]
  .near_func.text    ro code  0x0098ba    0x16  IWDG_ctrl.o [1]
  .near_func.text    ro code  0x0098d0    0x16  stm8s_tim2.o [1]
  .near_func.text    ro code  0x0098e6    0x15  strchr.o [4]
  .near_func.text    ro code  0x0098fb    0x15  memchr.o [4]
  .near_func.text    ro code  0x009910    0x14  __dbg_xxexit.o [3]
  .near_func.text    ro code  0x009924    0x13  DebugPort.o [1]
  .near_func.text    ro code  0x009937    0x13  stm8s_clk.o [1]
  .near_func.text    ro code  0x00994a    0x13  cstartup.o [4]
  .near_func.text    ro code  0x00995d    0x12  strlen.o [4]
  .near.rodata       const    0x00996f    0x11  DebugPort.o [1]
  .near_func.text    ro code  0x009980    0x10  stm8s_uart1.o [1]
  .near_func.text    ro code  0x009990    0x10  xprintfsmall.o [4]
  .near.rodata       const    0x0099a0     0xf  DebugPort.o [1]
  .near.rodata       const    0x0099af     0xf  DebugPort.o [1]
  .near_func.text    ro code  0x0099be     0xf  DebugPort.o [1]
  .near_func.text    ro code  0x0099cd     0xf  stm8s_tim2.o [1]
  .near_func.text    ro code  0x0099dc     0xf  transform.o [1]
  .near_func.text    ro code  0x0099eb     0xe  stm8s_tim1.o [1]
  .near_func.text    ro code  0x0099f9     0xe  stm8s_tim2.o [1]
  .near_func.text    ro code  0x009a07     0xe  stm8s_tim2.o [1]
  .near_func.text    ro code  0x009a15     0xe  stm8s_tim2.o [1]
  .near.rodata       const    0x009a23     0xd  xreportassert.o [4]
  .near_func.text    ro code  0x009a30     0xd  DebugPort.o [1]
  .near_func.text    ro code  0x009a3d     0xb  __dbg_abort.o [3]
  .near.rodata       const    0x009a48     0xa  DebugPort.o [1]
  .near.rodata       const    0x009a52     0xa  sample.o [1]
  .near_func.text    ro code  0x009a5c     0xa  xprintfsmall.o [4]
  .near_func.text    ro code  0x009a66     0xa  xprintfsmall.o [4]
  .near_func.text    ro code  0x009a70     0xa  xprintfsmall.o [4]
  .near.rodata       const    0x009a7a     0x9  DebugPort.o [1]
  .near.rodata       const    0x009a83     0x9  sample.o [1]
  .near_func.text    ro code  0x009a8c     0x9  stm8s_tim1.o [1]
  .near_func.text    ro code  0x009a95     0x9  transform.o [1]
  .near_func.text    ro code  0x009a9e     0x9  xprintfsmall.o [4]
  .near_func.text    ro code  0x009aa7     0x9  xprintfsmall.o [4]
  .near_func.text    ro code  0x009ab0     0x9  xprintfsmall.o [4]
  .near.rodata       const    0x009ab9     0x7  xprintfsmall.o [4]
  .near_func.text    ro code  0x009ac0     0x7  DebugPort.o [1]
  .near_func.text    ro code  0x009ac7     0x7  transform.o [1]
  .near_func.text    ro code  0x009ace     0x6  xprintfsmall.o [4]
  .near.rodata       const    0x009ad4     0x5  DebugPort.o [1]
  .near.rodata       const    0x009ad9     0x5  DebugPort.o [1]
  .near.rodata       const    0x009ade     0x5  transform.o [1]
  .near.rodata       const    0x009ae3     0x5  xreportassert.o [4]
  .near_func.text    ro code  0x009ae8     0x5  stm8s_iwdg.o [1]
  .near_func.text    ro code  0x009aed     0x5  stm8s_iwdg.o [1]
  .near_func.text    ro code  0x009af2     0x5  transform.o [1]
  .near_func.text    ro code  0x009af7     0x5  cexit.o [4]
  .near.rodata       const    0x009afc     0x4  stm8s_clk.o [1]
  .near.rodata       const    0x009b00     0x4  transform.o [1]
  .near_func.text    ro code  0x009b04     0x4  DebugPort.o [1]
  .near_func.text    ro code  0x009b08     0x4  PWM_out.o [1]
  .near_func.text    ro code  0x009b0c     0x4  sample.o [1]
  .near_func.text    ro code  0x009b10     0x4  sample.o [1]
  .near_func.text    ro code  0x009b14     0x4  stm8s_iwdg.o [1]
  .near_func.text    ro code  0x009b18     0x4  stm8s_iwdg.o [1]
  .near_func.text    ro code  0x009b1c     0x4  stm8s_iwdg.o [1]
  .near_func.text    ro code  0x009b20     0x4  stm8s_uart1.o [1]
  .near_func.text    ro code  0x009b24     0x4  stm8s_uart1.o [1]
  .near.rodata       const    0x009b28     0x3  transform.o [1]
  .near_func.text    ro code  0x009b2b     0x3  interrupt.o [4]
  .near_func.text    ro code  0x009b2e     0x3  low_level_init.o [4]
  .near_func.text    ro code  0x009b31     0x3  exit.o [4]
  .near_func.text    ro code  0x009b34     0x3  unhandled_exception.o [4]
  .near.rodata       const    0x009b37     0x2  xreportassert.o [4]
  .near.rodata       const    0x009b39     0x2  xreportassert.o [4]
  .near_func.text    ro code  0x009b3b     0x1  stm8s_it.o [1]
  .near_func.text    ro code  0x009b3c     0x1  stm8s_it.o [1]
  .near_func.text    ro code  0x009b3d     0x1  stm8s_it.o [1]
  .near_func.text    ro code  0x009b3e     0x1  stm8s_it.o [1]
  .near_func.text    ro code  0x009b3f     0x1  stm8s_it.o [1]
  .near_func.text    ro code  0x009b40     0x1  stm8s_it.o [1]
  .near_func.text    ro code  0x009b41     0x1  stm8s_it.o [1]
  .near_func.text    ro code  0x009b42     0x1  stm8s_it.o [1]
  .near_func.text    ro code  0x009b43     0x1  stm8s_it.o [1]
  .near_func.text    ro code  0x009b44     0x1  stm8s_it.o [1]
  .near_func.text    ro code  0x009b45     0x1  stm8s_it.o [1]
  .near_func.text    ro code  0x009b46     0x1  stm8s_it.o [1]
  .near_func.text    ro code  0x009b47     0x1  stm8s_it.o [1]
  .near_func.text    ro code  0x009b48     0x1  stm8s_it.o [1]
  .near_func.text    ro code  0x009b49     0x1  stm8s_it.o [1]
  .near_func.text    ro code  0x009b4a     0x1  stm8s_it.o [1]
  .near_func.text    ro code  0x009b4b     0x1  stm8s_it.o [1]
  .near_func.text    ro code  0x009b4c     0x1  xassert.o [4]
  .near_func.text    ro code  0x009b4d     0x1  __dbg_break.o [3]
  Initializer bytes  ro data  0x009b4e   0x202  <for P2 s0>
                            - 0x009d50  0x1cd0


*******************************************************************************
*** INIT TABLE
***

          Address   Size
          -------   ----
Zero (__iar_zero_init2)
    1 destination range, total size 0x46:
          0x000212   0x46

Copy (__iar_copy_init2)
    1 source range, total size 0x202:
          0x009b4e  0x202
    1 destination range, total size 0x202:
          0x000010  0x202


*******************************************************************************
*** MODULE SUMMARY
***

    Module                 ro code  ro data  rw data
    ------                 -------  -------  -------
F:\Lance\stm8\STM8S_StdPeriph_Lib\MyProject\Y384\Debug\Obj: [1]
    DebugPort.o                661       76       56
    IWDG_ctrl.o                 22
    PWM_out.o                   39
    main.o                      55
    sample.o                   442       19       12
    stm8s_clk.o                144        4
    stm8s_gpio.o               182
    stm8s_it.o                  17
    stm8s_iwdg.o                22
    stm8s_tim1.o               349
    stm8s_tim2.o               134
    stm8s_uart1.o              647
    transform.o                358      630      514
    ------------------------------------------------
    Total:                   3 072      729      582

command line: [2]
    ------------------------------------------------
    Total:

dbgstm8smd.a: [3]
    __dbg_abort.o               11
    __dbg_break.o                1
    __dbg_xxexit.o              20
    ------------------------------------------------
    Total:                      32

dlstm8smn.a: [4]
    cexit.o                      5
    cstartup.o                  19
    dc_util.o                   44
    errno.o                                        2
    exit.o                       3
    init.o                      23
    init_small.o                70
    interrupt.o                  3      128
    long.o                     445
    long_util.o                118
    low_level_init.o             3
    memchr.o                    21
    printf.o                    32
    short.o                     85
    strchr.o                    21
    strlen.o                    18
    unhandled_exception.o        3
    vreg_util.o                277
    vregs.o                                       16
    xassert.o                   95
    xprintfsmall.o           1 539        7
    xprout.o                    25
    xreportassert.o             95       44
    xstoul.o                   456       74
    ------------------------------------------------
    Total:                   3 400      253       18

    Linker created                       18      256
----------------------------------------------------
    Grand Total:             6 504    1 000      856


*******************************************************************************
*** ENTRY LIST
***

Entry                    Address   Size  Type      Object
-----                    -------   ----  ----      ------
?add32_l0_l0_0x         0x0085af         Code  Gb  long.o [4]
?add32_l0_l0_l1         0x0085ac         Code  Gb  long.o [4]
?and32_l0_l0_0x         0x0086ff         Code  Gb  long.o [4]
?and32_l0_l0_l1         0x0086fc         Code  Gb  long.o [4]
?b0                     0x000000         Data  Gb  vregs.o [4]
?b1                     0x000001         Data  Gb  vregs.o [4]
?b10                    0x00000a         Data  Gb  vregs.o [4]
?b11                    0x00000b         Data  Gb  vregs.o [4]
?b12                    0x00000c         Data  Gb  vregs.o [4]
?b13                    0x00000d         Data  Gb  vregs.o [4]
?b14                    0x00000e         Data  Gb  vregs.o [4]
?b15                    0x00000f         Data  Gb  vregs.o [4]
?b2                     0x000002         Data  Gb  vregs.o [4]
?b3                     0x000003         Data  Gb  vregs.o [4]
?b4                     0x000004         Data  Gb  vregs.o [4]
?b5                     0x000005         Data  Gb  vregs.o [4]
?b6                     0x000006         Data  Gb  vregs.o [4]
?b7                     0x000007         Data  Gb  vregs.o [4]
?b8                     0x000008         Data  Gb  vregs.o [4]
?b9                     0x000009         Data  Gb  vregs.o [4]
?dc32_l0                0x00958c         Code  Gb  dc_util.o [4]
?dc32_l1                0x009599         Code  Gb  dc_util.o [4]
?dc32_px                0x0095a6         Code  Gb  dc_util.o [4]
?dc8_px                 0x009585         Code  Gb  dc_util.o [4]
?e0                     0x000001         Data  Gb  vregs.o [4]
?e1                     0x000005         Data  Gb  vregs.o [4]
?e2                     0x000009         Data  Gb  vregs.o [4]
?e3                     0x00000d         Data  Gb  vregs.o [4]
?epilogue_l2            0x008aaf         Code  Gb  vreg_util.o [4]
?epilogue_l2_l3         0x008aac         Code  Gb  vreg_util.o [4]
?epilogue_l2_w6         0x008ab3         Code  Gb  vreg_util.o [4]
?epilogue_w4            0x008aba         Code  Gb  vreg_util.o [4]
?l0                     0x000000         Data  Gb  vregs.o [4]
?l1                     0x000004         Data  Gb  vregs.o [4]
?l2                     0x000008         Data  Gb  vregs.o [4]
?l3                     0x00000c         Data  Gb  vregs.o [4]
?load32_0x_l0           0x009040         Code  Gb  long_util.o [4]
?load32_0x_l2           0x00905f         Code  Gb  long_util.o [4]
?load32_asp_l0          0x009034         Code  Gb  long_util.o [4]
?load32_asp_l2          0x009053         Code  Gb  long_util.o [4]
?load32_dbsp_l0         0x00902f         Code  Gb  long_util.o [4]
?load32_dbsp_l2         0x00904e         Code  Gb  long_util.o [4]
?load32_l0_0x           0x009007         Code  Gb  long_util.o [4]
?load32_l0_asp          0x008ffc         Code  Gb  long_util.o [4]
?load32_l0_dbsp         0x008ff7         Code  Gb  long_util.o [4]
?load32_l0_xsp          0x008ffe         Code  Gb  long_util.o [4]
?load32_l1_0x           0x009023         Code  Gb  long_util.o [4]
?load32_l1_asp          0x009018         Code  Gb  long_util.o [4]
?load32_l1_dbsp         0x009013         Code  Gb  long_util.o [4]
?load32_l1_xsp          0x00901a         Code  Gb  long_util.o [4]
?load32_xsp_l0          0x009036         Code  Gb  long_util.o [4]
?load32_xsp_l2          0x009055         Code  Gb  long_util.o [4]
?mov_e0_e1              0x008acf         Code  Gb  vreg_util.o [4]
?mov_e0_e2              0x008adc         Code  Gb  vreg_util.o [4]
?mov_e0_e3              0x008ae9         Code  Gb  vreg_util.o [4]
?mov_e1_e0              0x008af6         Code  Gb  vreg_util.o [4]
?mov_e2_e0              0x008b03         Code  Gb  vreg_util.o [4]
?mov_e3_e0              0x008b10         Code  Gb  vreg_util.o [4]
?mov_l0_l1              0x008acc         Code  Gb  vreg_util.o [4]
?mov_l0_l2              0x008ad9         Code  Gb  vreg_util.o [4]
?mov_l0_l3              0x008ae6         Code  Gb  vreg_util.o [4]
?mov_l1_l0              0x008af3         Code  Gb  vreg_util.o [4]
?mov_l2_l0              0x008b00         Code  Gb  vreg_util.o [4]
?mov_l3_l0              0x008b0d         Code  Gb  vreg_util.o [4]
?mov_w0_w4              0x008abe         Code  Gb  vreg_util.o [4]
?mov_w1_w3              0x008ad2         Code  Gb  vreg_util.o [4]
?mov_w1_w5              0x008adf         Code  Gb  vreg_util.o [4]
?mov_w1_w7              0x008aec         Code  Gb  vreg_util.o [4]
?mov_w3_w1              0x008af9         Code  Gb  vreg_util.o [4]
?mov_w4_w0              0x008ac5         Code  Gb  vreg_util.o [4]
?mov_w5_w1              0x008b06         Code  Gb  vreg_util.o [4]
?mov_w7_w1              0x008b13         Code  Gb  vreg_util.o [4]
?mul16_x_x_w0           0x009211         Code  Gb  short.o [4]
?mul32_l0_l0_0x         0x0085e5         Code  Gb  long.o [4]
?mul32_l0_l0_dl         0x0085e2         Code  Gb  long.o [4]
?mul32_l0_l0_l1         0x0085ee         Code  Gb  long.o [4]
?neg32_l0_l0            0x00859c         Code  Gb  long.o [4]
?pop_l0                 0x008a78         Code  Gb  vreg_util.o [4]
?pop_l1                 0x008a83         Code  Gb  vreg_util.o [4]
?pop_l2                 0x008a8e         Code  Gb  vreg_util.o [4]
?pop_l3                 0x008a99         Code  Gb  vreg_util.o [4]
?pop_w4                 0x008a31         Code  Gb  vreg_util.o [4]
?pop_w6                 0x008a38         Code  Gb  vreg_util.o [4]
?push_l0                0x008a47         Code  Gb  vreg_util.o [4]
?push_l1                0x008a4c         Code  Gb  vreg_util.o [4]
?push_l2                0x008a51         Code  Gb  vreg_util.o [4]
?push_l3                0x008a56         Code  Gb  vreg_util.o [4]
?push_w0                0x008a05         Code  Gb  vreg_util.o [4]
?push_w1                0x008a0a         Code  Gb  vreg_util.o [4]
?push_w4                0x008a0f         Code  Gb  vreg_util.o [4]
?push_w5                0x008a14         Code  Gb  vreg_util.o [4]
?push_w6                0x008a19         Code  Gb  vreg_util.o [4]
?sdiv16_x_x_y           0x00922f         Code  Gb  short.o [4]
?sext32_l0_a            0x00874c         Code  Gb  long.o [4]
?sext32_l0_x            0x008741         Code  Gb  long.o [4]
?sll16_x_x_a            0x009258         Code  Gb  short.o [4]
?sll32_0x_0x_a          0x00871e         Code  Gb  long.o [4]
?sll32_l0_l0_a          0x00871b         Code  Gb  long.o [4]
?sll32_l0_l0_db         0x008717         Code  Gb  long.o [4]
?smod16_y_x_y           0x009248         Code  Gb  short.o [4]
?srl16_x_x_4            0x009261         Code  Gb  short.o [4]
?srl16_x_x_5            0x009260         Code  Gb  short.o [4]
?srl32_0x_0x_a          0x008733         Code  Gb  long.o [4]
?srl32_l0_l0_a          0x008730         Code  Gb  long.o [4]
?srl32_l0_l0_db         0x00872c         Code  Gb  long.o [4]
?sub32_l0_l0_0x         0x0085ca         Code  Gb  long.o [4]
?sub32_l0_l0_l1         0x0085c7         Code  Gb  long.o [4]
?ucmp32_c_l0_0x         0x0086e1         Code  Gb  long.o [4]
?ucmp32_c_l0_l1         0x0086f1         Code  Gb  long.o [4]
?udiv32_l0_dl_l1        0x00866c         Code  Gb  long.o [4]
?udiv32_l0_l0_dl        0x008671         Code  Gb  long.o [4]
?udiv32_l0_l0_l1        0x008674         Code  Gb  long.o [4]
?umod32_l1_l0_l1        0x008674         Code  Gb  long.o [4]
?w0                     0x000000         Data  Gb  vregs.o [4]
?w1                     0x000002         Data  Gb  vregs.o [4]
?w2                     0x000004         Data  Gb  vregs.o [4]
?w3                     0x000006         Data  Gb  vregs.o [4]
?w4                     0x000008         Data  Gb  vregs.o [4]
?w5                     0x00000a         Data  Gb  vregs.o [4]
?w6                     0x00000c         Data  Gb  vregs.o [4]
?w7                     0x00000e         Data  Gb  vregs.o [4]
ADC1_IRQHandler         0x009b49    0x1  Code  Gb  stm8s_it.o [1]
AWU_IRQHandler          0x009b3d    0x1  Code  Gb  stm8s_it.o [1]
CLK_GetClockFreq        0x008eff   0x7d  Code  Gb  stm8s_clk.o [1]
CLK_HSIPrescalerConfig  0x009937   0x13  Code  Gb  stm8s_clk.o [1]
CLK_IRQHandler          0x009b3e    0x1  Code  Gb  stm8s_it.o [1]
CSTACK$$Base            0x000300          --   Gb  - Linker created -
CSTACK$$Limit           0x000400          --   Gb  - Linker created -
DebugPort_GetCurPWMRateIn
                        0x0099be    0xf  Code  Lc  DebugPort.o [1]
DebugPort_Handler       0x0093a0   0x41  Code  Gb  DebugPort.o [1]
DebugPort_Init          0x0096f3   0x24  Code  Gb  DebugPort.o [1]
DebugPort_Open          0x0097ae   0x20  Code  Gb  DebugPort.o [1]
DebugPort_SetCurPWMRateOut
                        0x0092b8   0x50  Code  Lc  DebugPort.o [1]
DebugPort_UnknownCmd    0x009ac0    0x7  Code  Lc  DebugPort.o [1]
DebugPort_Write         0x0090e1   0x6b  Code  Gb  DebugPort.o [1]
EEPROM_EEC_IRQHandler   0x009b4b    0x1  Code  Gb  stm8s_it.o [1]
EXTI_PORTA_IRQHandler   0x009b3f    0x1  Code  Gb  stm8s_it.o [1]
EXTI_PORTB_IRQHandler   0x009b40    0x1  Code  Gb  stm8s_it.o [1]
EXTI_PORTC_IRQHandler   0x009b41    0x1  Code  Gb  stm8s_it.o [1]
EXTI_PORTD_IRQHandler   0x009b42    0x1  Code  Gb  stm8s_it.o [1]
EXTI_PORTE_IRQHandler   0x009b43    0x1  Code  Gb  stm8s_it.o [1]
GPIO_Init               0x008c0a   0xb6  Code  Gb  stm8s_gpio.o [1]
HSIDivFactor            0x009afc    0x4  Data  Gb  stm8s_clk.o [1]
I2C_IRQHandler          0x009b48    0x1  Code  Gb  stm8s_it.o [1]
INTVEC$$Base            0x008000          --   Gb  - Linker created -
INTVEC$$Limit           0x008080          --   Gb  - Linker created -
IWDG_Config             0x0098ba   0x16  Code  Gb  IWDG_ctrl.o [1]
IWDG_Enable             0x009aed    0x5  Code  Gb  stm8s_iwdg.o [1]
IWDG_ReloadCounter      0x009ae8    0x5  Code  Gb  stm8s_iwdg.o [1]
IWDG_SetPrescaler       0x009b18    0x4  Code  Gb  stm8s_iwdg.o [1]
IWDG_SetReload          0x009b1c    0x4  Code  Gb  stm8s_iwdg.o [1]
IWDG_WriteAccessCmd     0x009b14    0x4  Code  Gb  stm8s_iwdg.o [1]
LoadInt                 0x0093e1   0x41  Code  Lc  xprintfsmall.o [4]
PWM_Init                0x009b08    0x4  Code  Gb  PWM_out.o [1]
PWM_Out_Config          0x00975e   0x23  Code  Lc  PWM_out.o [1]
Region$$Table$$Base     0x00979c          --   Gb  - Linker created -
Region$$Table$$Limit    0x0097ae          --   Gb  - Linker created -
SPI_IRQHandler          0x009b44    0x1  Code  Gb  stm8s_it.o [1]
Sample_init             0x009b10    0x4  Code  Gb  sample.o [1]
Set_Beep_OptionByte     0x009717   0x24  Code  Gb  sample.o [1]
StartDataXmissionIfNeeded
                        0x00973b   0x23  Code  Lc  DebugPort.o [1]
TIM1_CAP_COM_IRQHandler
                        0x008e78   0x87  Code  Gb  sample.o [1]
TIM1_ClearITPendingBit  0x009a8c    0x9  Code  Gb  stm8s_tim1.o [1]
TIM1_Cmd                0x0099eb    0xe  Code  Gb  stm8s_tim1.o [1]
TIM1_DeInit             0x008cc0   0x99  Code  Gb  stm8s_tim1.o [1]
TIM1_GetCapture1        0x0095dc   0x2b  Code  Gb  stm8s_tim1.o [1]
TIM1_GetCapture2        0x009607   0x2b  Code  Gb  stm8s_tim1.o [1]
TIM1_GetITStatus        0x009632   0x2a  Code  Gb  stm8s_tim1.o [1]
TIM1_PWM_Capture_Init   0x00914c   0x67  Code  Gb  sample.o [1]
TIM1_TimeBaseInit       0x00952b   0x2d  Code  Gb  stm8s_tim1.o [1]
TIM1_UPD_OVF_TRG_BRK_IRQHandler
                        0x009b45    0x1  Code  Gb  stm8s_it.o [1]
TIM2_ARRPreloadConfig   0x009a07    0xe  Code  Gb  stm8s_tim2.o [1]
TIM2_CAP_COM_IRQHandler
                        0x009b47    0x1  Code  Gb  stm8s_it.o [1]
TIM2_Cmd                0x0099f9    0xe  Code  Gb  stm8s_tim2.o [1]
TIM2_OC3Init            0x00945f   0x37  Code  Gb  stm8s_tim2.o [1]
TIM2_OC3PreloadConfig   0x009a15    0xe  Code  Gb  stm8s_tim2.o [1]
TIM2_SetCompare3        0x0099cd    0xf  Code  Gb  stm8s_tim2.o [1]
TIM2_TimeBaseInit       0x0098d0   0x16  Code  Gb  stm8s_tim2.o [1]
TIM2_UPD_OVF_BRK_IRQHandler
                        0x009b46    0x1  Code  Gb  stm8s_it.o [1]
TIM4_UPD_OVF_IRQHandler
                        0x009b4a    0x1  Code  Gb  stm8s_it.o [1]
TLI_IRQHandler          0x009b3c    0x1  Code  Gb  stm8s_it.o [1]
TRAP_IRQHandler         0x009b3b    0x1  Code  Gb  stm8s_it.o [1]
UART1_ClearITPendingBit
                        0x009980   0x10  Code  Gb  stm8s_uart1.o [1]
UART1_DeInit            0x009558   0x2d  Code  Gb  stm8s_uart1.o [1]
UART1_GetITStatus       0x008d59   0x93  Code  Gb  stm8s_uart1.o [1]
UART1_ITConfig          0x00906d   0x74  Code  Gb  stm8s_uart1.o [1]
UART1_Init              0x0088ca  0x13b  Code  Gb  stm8s_uart1.o [1]
UART1_RX_IRQHandler     0x008dec   0x8c  Code  Gb  DebugPort.o [1]
UART1_ReceiveData8      0x009b20    0x4  Code  Gb  stm8s_uart1.o [1]
UART1_SendData8         0x009b24    0x4  Code  Gb  stm8s_uart1.o [1]
UART1_TX_IRQHandler     0x009308   0x50  Code  Gb  DebugPort.o [1]
_LitobSmall             0x008759  0x171  Code  Lc  xprintfsmall.o [4]
_PrintfSmall            0x008080  0x354  Code  Gb  xprintfsmall.o [4]
_Prout                  0x00985d   0x19  Code  Gb  xprout.o [4]
_PutcharSmall           0x009496   0x33  Code  Lc  xprintfsmall.o [4]
_PutcharsSmall          0x0094fa   0x31  Code  Lc  xprintfsmall.o [4]
__DebugBreak            0x009b4d    0x1  Code  Gb  __dbg_break.o [3]
__exit                  0x009910   0x14  Code  Gb  __dbg_xxexit.o [3]
__iar_EmptyStepPoint    0x009b4c    0x1  Code  Gb  xassert.o [4]
__iar_Errno             0x000256    0x2  Data  Gb  errno.o [4]
__iar_Memchr            0x0098fb   0x15  Code  Gb  memchr.o [4]
__iar_ReportAssert      0x009358   0x48  Code  Gb  xreportassert.o [4]
__iar_Stoul             0x008595    0x7  Code  Gb  xstoul.o [4]
__iar_Stoulx            0x0083d4  0x1c1  Code  Gb  xstoul.o [4]
__iar_Strchr            0x0098e6   0x15  Code  Gb  strchr.o [4]
__iar_copy_init2        0x00965c         Code  Gb  init_small.o [4]
__iar_data_init2        0x009876   0x17  Code  Gb  init.o [4]
__iar_program_start     0x00994a         Code  Gb  cstartup.o [4]
__iar_unhandled_exception
                        0x009b34         Code  Gb  unhandled_exception.o [4]
__iar_zero_init2        0x0097ee         Code  Gb  init_small.o [4]
__intvec                0x008000         Data  Gb  interrupt.o [4]
__low_level_init        0x009b2e    0x3  Code  Gb  low_level_init.o [4]
__stm8abi_assert        0x0091b3   0x5e  Code  Gb  xassert.o [4]
_exit                   0x009af7         Code  Gb  cexit.o [4]
_interrupt_1            0x009b3b         Code  Gb  stm8s_it.o [1]
_interrupt_10           0x009b2b         Code  Wk  interrupt.o [4]
_interrupt_11           0x009b2b         Code  Wk  interrupt.o [4]
_interrupt_12           0x009b44         Code  Gb  stm8s_it.o [1]
_interrupt_13           0x009b45         Code  Gb  stm8s_it.o [1]
_interrupt_14           0x008e78         Code  Gb  sample.o [1]
_interrupt_15           0x009b46         Code  Gb  stm8s_it.o [1]
_interrupt_16           0x009b47         Code  Gb  stm8s_it.o [1]
_interrupt_17           0x009b2b         Code  Wk  interrupt.o [4]
_interrupt_18           0x009b2b         Code  Wk  interrupt.o [4]
_interrupt_19           0x009308         Code  Gb  DebugPort.o [1]
_interrupt_2            0x009b3c         Code  Gb  stm8s_it.o [1]
_interrupt_20           0x008dec         Code  Gb  DebugPort.o [1]
_interrupt_21           0x009b48         Code  Gb  stm8s_it.o [1]
_interrupt_22           0x009b2b         Code  Wk  interrupt.o [4]
_interrupt_23           0x009b2b         Code  Wk  interrupt.o [4]
_interrupt_24           0x009b49         Code  Gb  stm8s_it.o [1]
_interrupt_25           0x009b4a         Code  Gb  stm8s_it.o [1]
_interrupt_26           0x009b4b         Code  Gb  stm8s_it.o [1]
_interrupt_27           0x009b2b         Code  Wk  interrupt.o [4]
_interrupt_28           0x009b2b         Code  Wk  interrupt.o [4]
_interrupt_29           0x009b2b         Code  Wk  interrupt.o [4]
_interrupt_3            0x009b3d         Code  Gb  stm8s_it.o [1]
_interrupt_30           0x009b2b         Code  Wk  interrupt.o [4]
_interrupt_31           0x009b2b         Code  Wk  interrupt.o [4]
_interrupt_4            0x009b3e         Code  Gb  stm8s_it.o [1]
_interrupt_5            0x009b3f         Code  Gb  stm8s_it.o [1]
_interrupt_6            0x009b40         Code  Gb  stm8s_it.o [1]
_interrupt_7            0x009b41         Code  Gb  stm8s_it.o [1]
_interrupt_8            0x009b42         Code  Gb  stm8s_it.o [1]
_interrupt_9            0x009b43         Code  Gb  stm8s_it.o [1]
abort                   0x009a3d    0xb  Code  Gb  __dbg_abort.o [3]
digits                  0x009684   0x25  Data  Lc  xstoul.o [4]
endUpdate               0x0096ce   0x25  Code  Gb  sample.o [1]
exit                    0x009b31    0x3  Code  Gb  exit.o [4]
get_input_pwm           0x008f7c   0x7b  Code  Gb  sample.o [1]
isNeedUpdate            0x009b0c    0x4  Code  Gb  sample.o [1]
main                    0x009828   0x1c  Code  Gb  main.o [1]
ndigs                   0x0096a9   0x25  Data  Lc  xstoul.o [4]
out                     0x00988d   0x17  Code  Lc  xreportassert.o [4]
pad                     0x0094c9   0x31  Code  Lc  xprintfsmall.o [4]
print_table             0x009266   0x52  Code  Gb  transform.o [1]
printf                  0x0097ce   0x20  Code  Gb  printf.o [4]
putchar                 0x009781   0x1b  Code  Gb  main.o [1]
strchr                  0x009924   0x13  Code  Gb  DebugPort.o [1]
strlen                  0x00995d   0x12  Code  Gb  strlen.o [4]
strtoul                 0x00980c   0x1c  Code  Gb  DebugPort.o [1]
tCommandItems           0x0099a0    0xf  Data  Lc  DebugPort.o [1]
tDebugPortCtrLoc        0x000212   0x38  Data  Lc  DebugPort.o [1]
tPWMStat                0x00024a    0xc  Data  Lc  sample.o [1]
tTransTable             0x000010  0x202  Data  Gb  transform.o [1]
table_display           0x009b04    0x4  Code  Lc  DebugPort.o [1]
table_index_get         0x009af2    0x5  Code  Gb  transform.o [1]
table_index_value_get   0x009a95    0x9  Code  Gb  transform.o [1]
table_index_value_set   0x0099dc    0xf  Code  Gb  transform.o [1]
table_item_value_display
                        0x009a30    0xd  Code  Lc  DebugPort.o [1]
transform_init          0x009ac7    0x7  Code  Gb  transform.o [1]
transfrom_handle        0x008b1a   0xf0  Code  Gb  transform.o [1]


[1] = F:\Lance\stm8\STM8S_StdPeriph_Lib\MyProject\Y384\Debug\Obj
[2] = command line
[3] = dbgstm8smd.a
[4] = dlstm8smn.a

  6 504 bytes of readonly  code memory
  1 000 bytes of readonly  data memory
    856 bytes of readwrite data memory

Errors: none
Warnings: none
